  Running check external_links…   error
Issues found!
  output/adapters/pusher/index.html:
    [ ERROR ] external_links - broken reference to https://ably.com/documentation/realtime/history: 429
    [ ERROR ] external_links - broken reference to https://ably.com/documentation/core-features/authentication: 429
  output/api-streamer/consumer/index.html:
    [ ERROR ] external_links - broken reference to https://ably.com/dsn: link has moved permanently to 'https://ably.com/platform'
    [ ERROR ] external_links - broken reference to https://ably.com/reactor: link has moved permanently to 'https://ably.com/integrations'
    [ ERROR ] external_links - broken reference to https://ably.io/api-streamer: link has moved permanently to 'https://ably.com/api-streamer'
    [ ERROR ] external_links - broken reference to https://ably.com: 429
    [ ERROR ] external_links - broken reference to https://ably.com/hub: 429
  output/api-streamer/examples/index.html:
    [ ERROR ] external_links - broken reference to https://ably.com/hub/ably-bbc/news: 429
    [ ERROR ] external_links - broken reference to https://ably.com/hub/ably-openweathermap/weather: 429
    [ ERROR ] external_links - broken reference to https://ably.com: 429
  output/api-streamer/hub/index.html:
    [ ERROR ] external_links - broken reference to https://ably.com/reactor: link has moved permanently to 'https://ably.com/integrations'
    [ ERROR ] external_links - broken reference to https://ably.com/blog/ably-open-data-streaming-program/: link has moved permanently to 'https://ably.com/blog/ably-open-data-streaming-program'
    [ ERROR ] external_links - broken reference to https://ably.com: 429
    [ ERROR ] external_links - broken reference to https://ably.com/hub: 429
  output/api-streamer/index.html:
    [ ERROR ] external_links - broken reference to https://ably.com/dsn: link has moved permanently to 'https://ably.com/platform'
    [ ERROR ] external_links - broken reference to https://ably.com/reactor: link has moved permanently to 'https://ably.com/integrations'
    [ ERROR ] external_links - broken reference to https://ably.com: 429
    [ ERROR ] external_links - broken reference to https://ably.com/channels: 429
  output/api-streamer/producer/index.html:
    [ ERROR ] external_links - broken reference to https://ably.com/dsn: link has moved permanently to 'https://ably.com/platform'
    [ ERROR ] external_links - broken reference to https://ably.io/api-streamer: link has moved permanently to 'https://ably.com/api-streamer'
    [ ERROR ] external_links - broken reference to https://ably.com: 429
  output/best-practice-guide/index.html:
    [ ERROR ] external_links - broken reference to https://blog.ably.io/message-queues-the-right-way-to-process-and-work-with-realtime-data-on-your-servers-2d15985301f8: link has moved permanently to 'https://ably.com/blog/message-queues-the-right-way'
    [ ERROR ] external_links - broken reference to https://ably.com: 429
    [ ERROR ] external_links - broken reference to https://ably.com/documentation/realtime/presence: 429
  output/client-lib-development-guide/comet/index.html:
    [ ERROR ] external_links - broken reference to http://msgpack.org/: link has moved permanently to 'https://msgpack.org/'
    [ ERROR ] external_links - broken reference to https://ably.com: 429
    [ ERROR ] external_links - broken reference to https://ably.com/topic/websockets: 429
  output/client-lib-development-guide/documentation-formatting-guide/index.html:
    [ ERROR ] external_links - broken reference to http://redcloth.org/textile: link has moved permanently to 'https://www.promptworks.com/textile/'
    [ ERROR ] external_links - broken reference to https://ably.com: 429
    [ ERROR ] external_links - broken reference to http://ably.github.com: link has moved permanently to 'http://ably.github.io/'
  output/client-lib-development-guide/encryption/index.html:
    [ ERROR ] external_links - broken reference to http://tools.ietf.org/html/rfc5652: link has moved permanently to 'https://tools.ietf.org/html/rfc5652'
    [ ERROR ] external_links - broken reference to https://ably.com: 429
  output/client-lib-development-guide/feature-prioritisation/index.html:
    [ ERROR ] external_links - broken reference to https://ably.com/download: 429
    [ ERROR ] external_links - broken reference to https://ably.com: 429
    [ ERROR ] external_links - broken reference to https://ably.com/topic/websockets: 429
  output/client-lib-development-guide/features/index.html:
    [ ERROR ] external_links - broken reference to https://docs.sentry.io/clientdev/: 404
    [ ERROR ] external_links - broken reference to http://www.rubydoc.info/gems/ably/Ably/Models/Stats/ResourceCount: link has moved permanently to 'https://www.rubydoc.info/gems/ably/Ably/Models/Stats/ResourceCount'
    [ ERROR ] external_links - broken reference to http://www.rubydoc.info/gems/ably/Ably/Models/Stats/PushStats: link has moved permanently to 'https://www.rubydoc.info/gems/ably/Ably/Models/Stats/PushStats'
    [ ERROR ] external_links - broken reference to http://www.rubydoc.info/gems/ably/Ably/Models/Stats/RequestCount: link has moved permanently to 'https://www.rubydoc.info/gems/ably/Ably/Models/Stats/RequestCount'
    [ ERROR ] external_links - broken reference to http://www.rubydoc.info/gems/ably/Ably/Models/Stats/ConnectionTypes: link has moved permanently to 'https://www.rubydoc.info/gems/ably/Ably/Models/Stats/ConnectionTypes'
    [ ERROR ] external_links - broken reference to http://semver.org/: link has moved permanently to 'https://semver.org/'
    [ ERROR ] external_links - broken reference to http://www.rubydoc.info/gems/ably/Ably/Models/Message: link has moved permanently to 'https://www.rubydoc.info/gems/ably/Ably/Models/Message'
    [ ERROR ] external_links - broken reference to http://www.rubydoc.info/gems/ably/Ably/Models/Stats/MessageTraffic: link has moved permanently to 'https://www.rubydoc.info/gems/ably/Ably/Models/Stats/MessageTraffic'
    [ ERROR ] external_links - broken reference to http://www.rubydoc.info/gems/ably/Ably/Models/Stats/MessageCount: link has moved permanently to 'https://www.rubydoc.info/gems/ably/Ably/Models/Stats/MessageCount'
    [ ERROR ] external_links - broken reference to http://www.rubydoc.info/gems/ably/Ably/Models/PresenceMessage: link has moved permanently to 'https://www.rubydoc.info/gems/ably/Ably/Models/PresenceMessage'
    [ ERROR ] external_links - broken reference to https://github.ably.io/ably/ably-js: Failed to open TCP connection to github.ably.io:443 (getaddrinfo: nodename nor servname provided, or not known)
    [ ERROR ] external_links - broken reference to http://msgpack.org/: link has moved permanently to 'https://msgpack.org/'
    [ ERROR ] external_links - broken reference to http://www.rubydoc.info/gems/ably/Ably/Models/Stats/MessageTypes: link has moved permanently to 'https://www.rubydoc.info/gems/ably/Ably/Models/Stats/MessageTypes'
    [ ERROR ] external_links - broken reference to https://ably.com: 429
    [ ERROR ] external_links - broken reference to http://www.rubydoc.info/gems/ably/Ably/Models/Stats: link has moved permanently to 'https://www.rubydoc.info/gems/ably/Ably/Models/Stats'
    [ ERROR ] external_links - broken reference to https://ably.com/topic/websockets: 429
    [ ERROR ] external_links - broken reference to http://www.rubydoc.info/gems/ably/Ably/Models/ProtocolMessage: link has moved permanently to 'https://www.rubydoc.info/gems/ably/Ably/Models/ProtocolMessage'
    [ ERROR ] external_links - broken reference to https://ably.com/documentation/core-features/authentication: 429
  output/client-lib-development-guide/index.html:
    [ ERROR ] external_links - broken reference to http://en.wikipedia.org/wiki/Don%27t_repeat_yourself: link has moved permanently to 'https://en.wikipedia.org/wiki/Don%27t_repeat_yourself'
    [ ERROR ] external_links - broken reference to http://en.wikipedia.org/wiki/Representational_state_transfer: link has moved permanently to 'https://en.wikipedia.org/wiki/Representational_state_transfer'
    [ ERROR ] external_links - broken reference to https://ably.com/download: 429
    [ ERROR ] external_links - broken reference to https://ably.com/download/: 429
    [ ERROR ] external_links - broken reference to https://ably.com: 429
    [ ERROR ] external_links - broken reference to https://ably.com/topic/websockets: 429
  output/client-lib-development-guide/protocol/index.html:
    [ ERROR ] external_links - broken reference to http://msgpack.org/: link has moved permanently to 'https://msgpack.org/'
    [ ERROR ] external_links - broken reference to https://ably.com: 429
    [ ERROR ] external_links - broken reference to https://ably.com/topic/websockets: 429
  output/client-lib-development-guide/test-api/index.html:
    [ ERROR ] external_links - broken reference to https://ably.com/download: 429
    [ ERROR ] external_links - broken reference to https://ably.com: 429
  output/client-lib-development-guide/versioning/index.html:
    [ ERROR ] external_links - broken reference to http://semver.org/: link has moved permanently to 'https://semver.org/'
    [ ERROR ] external_links - broken reference to https://ably.com/download: 429
    [ ERROR ] external_links - broken reference to https://ably.com: 429
  output/client-lib-development-guide/versions/v0.8/features/index.html:
    [ ERROR ] external_links - broken reference to http://www.rubydoc.info/gems/ably/Ably/Models/Stats/ResourceCount: link has moved permanently to 'https://www.rubydoc.info/gems/ably/Ably/Models/Stats/ResourceCount'
    [ ERROR ] external_links - broken reference to http://www.rubydoc.info/gems/ably/Ably/Models/Stats/RequestCount: link has moved permanently to 'https://www.rubydoc.info/gems/ably/Ably/Models/Stats/RequestCount'
    [ ERROR ] external_links - broken reference to http://www.rubydoc.info/gems/ably/Ably/Models/Stats/ConnectionTypes: link has moved permanently to 'https://www.rubydoc.info/gems/ably/Ably/Models/Stats/ConnectionTypes'
    [ ERROR ] external_links - broken reference to http://www.rubydoc.info/gems/ably/Ably/Models/Message: link has moved permanently to 'https://www.rubydoc.info/gems/ably/Ably/Models/Message'
    [ ERROR ] external_links - broken reference to http://www.rubydoc.info/gems/ably/Ably/Models/Stats/MessageTraffic: link has moved permanently to 'https://www.rubydoc.info/gems/ably/Ably/Models/Stats/MessageTraffic'
    [ ERROR ] external_links - broken reference to http://www.rubydoc.info/gems/ably/Ably/Models/Stats/MessageCount: link has moved permanently to 'https://www.rubydoc.info/gems/ably/Ably/Models/Stats/MessageCount'
    [ ERROR ] external_links - broken reference to http://www.rubydoc.info/gems/ably/Ably/Models/PresenceMessage: link has moved permanently to 'https://www.rubydoc.info/gems/ably/Ably/Models/PresenceMessage'
    [ ERROR ] external_links - broken reference to https://github.ably.io/ably/ably-js: Failed to open TCP connection to github.ably.io:443 (getaddrinfo: nodename nor servname provided, or not known)
    [ ERROR ] external_links - broken reference to http://msgpack.org/: link has moved permanently to 'https://msgpack.org/'
    [ ERROR ] external_links - broken reference to http://www.rubydoc.info/gems/ably/Ably/Models/Stats/MessageTypes: link has moved permanently to 'https://www.rubydoc.info/gems/ably/Ably/Models/Stats/MessageTypes'
    [ ERROR ] external_links - broken reference to https://ably.com: 429
    [ ERROR ] external_links - broken reference to http://www.rubydoc.info/gems/ably/Ably/Models/Stats: link has moved permanently to 'https://www.rubydoc.info/gems/ably/Ably/Models/Stats'
    [ ERROR ] external_links - broken reference to https://ably.com/topic/websockets: 429
    [ ERROR ] external_links - broken reference to http://www.rubydoc.info/gems/ably/Ably/Models/ProtocolMessage: link has moved permanently to 'https://www.rubydoc.info/gems/ably/Ably/Models/ProtocolMessage'
  output/client-lib-development-guide/versions/v0.8/protocol/index.html:
    [ ERROR ] external_links - broken reference to http://msgpack.org/: link has moved permanently to 'https://msgpack.org/'
    [ ERROR ] external_links - broken reference to https://ably.com: 429
    [ ERROR ] external_links - broken reference to https://ably.com/topic/websockets: 429
  output/client-lib-development-guide/versions/v1.0/features/index.html:
    [ ERROR ] external_links - broken reference to http://www.rubydoc.info/gems/ably/Ably/Models/Stats/ResourceCount: link has moved permanently to 'https://www.rubydoc.info/gems/ably/Ably/Models/Stats/ResourceCount'
    [ ERROR ] external_links - broken reference to http://www.rubydoc.info/gems/ably/Ably/Models/Stats/RequestCount: link has moved permanently to 'https://www.rubydoc.info/gems/ably/Ably/Models/Stats/RequestCount'
    [ ERROR ] external_links - broken reference to http://www.rubydoc.info/gems/ably/Ably/Models/Stats/ConnectionTypes: link has moved permanently to 'https://www.rubydoc.info/gems/ably/Ably/Models/Stats/ConnectionTypes'
    [ ERROR ] external_links - broken reference to http://semver.org/: link has moved permanently to 'https://semver.org/'
    [ ERROR ] external_links - broken reference to http://www.rubydoc.info/gems/ably/Ably/Models/Message: link has moved permanently to 'https://www.rubydoc.info/gems/ably/Ably/Models/Message'
    [ ERROR ] external_links - broken reference to http://www.rubydoc.info/gems/ably/Ably/Models/Stats/MessageTraffic: link has moved permanently to 'https://www.rubydoc.info/gems/ably/Ably/Models/Stats/MessageTraffic'
    [ ERROR ] external_links - broken reference to http://www.rubydoc.info/gems/ably/Ably/Models/Stats/MessageCount: link has moved permanently to 'https://www.rubydoc.info/gems/ably/Ably/Models/Stats/MessageCount'
    [ ERROR ] external_links - broken reference to http://www.rubydoc.info/gems/ably/Ably/Models/PresenceMessage: link has moved permanently to 'https://www.rubydoc.info/gems/ably/Ably/Models/PresenceMessage'
    [ ERROR ] external_links - broken reference to https://github.ably.io/ably/ably-js: Failed to open TCP connection to github.ably.io:443 (getaddrinfo: nodename nor servname provided, or not known)
    [ ERROR ] external_links - broken reference to http://msgpack.org/: link has moved permanently to 'https://msgpack.org/'
    [ ERROR ] external_links - broken reference to http://www.rubydoc.info/gems/ably/Ably/Models/Stats/MessageTypes: link has moved permanently to 'https://www.rubydoc.info/gems/ably/Ably/Models/Stats/MessageTypes'
    [ ERROR ] external_links - broken reference to https://ably.com: 429
    [ ERROR ] external_links - broken reference to http://www.rubydoc.info/gems/ably/Ably/Models/Stats: link has moved permanently to 'https://www.rubydoc.info/gems/ably/Ably/Models/Stats'
    [ ERROR ] external_links - broken reference to http://www.rubydoc.info/gems/ably/Ably/Models/ProtocolMessage: link has moved permanently to 'https://www.rubydoc.info/gems/ably/Ably/Models/ProtocolMessage'
  output/client-lib-development-guide/versions/v1.0/protocol/index.html:
    [ ERROR ] external_links - broken reference to http://msgpack.org/: link has moved permanently to 'https://msgpack.org/'
    [ ERROR ] external_links - broken reference to https://ably.com: 429
  output/client-lib-development-guide/versions/v1.1/features/index.html:
    [ ERROR ] external_links - broken reference to https://docs.sentry.io/clientdev/: 404
    [ ERROR ] external_links - broken reference to http://www.rubydoc.info/gems/ably/Ably/Models/Stats/ResourceCount: link has moved permanently to 'https://www.rubydoc.info/gems/ably/Ably/Models/Stats/ResourceCount'
    [ ERROR ] external_links - broken reference to http://www.rubydoc.info/gems/ably/Ably/Models/Stats/PushStats: link has moved permanently to 'https://www.rubydoc.info/gems/ably/Ably/Models/Stats/PushStats'
    [ ERROR ] external_links - broken reference to http://www.rubydoc.info/gems/ably/Ably/Models/Stats/RequestCount: link has moved permanently to 'https://www.rubydoc.info/gems/ably/Ably/Models/Stats/RequestCount'
    [ ERROR ] external_links - broken reference to http://www.rubydoc.info/gems/ably/Ably/Models/Stats/ConnectionTypes: link has moved permanently to 'https://www.rubydoc.info/gems/ably/Ably/Models/Stats/ConnectionTypes'
    [ ERROR ] external_links - broken reference to http://semver.org/: link has moved permanently to 'https://semver.org/'
    [ ERROR ] external_links - broken reference to http://www.rubydoc.info/gems/ably/Ably/Models/Message: link has moved permanently to 'https://www.rubydoc.info/gems/ably/Ably/Models/Message'
    [ ERROR ] external_links - broken reference to http://www.rubydoc.info/gems/ably/Ably/Models/Stats/MessageTraffic: link has moved permanently to 'https://www.rubydoc.info/gems/ably/Ably/Models/Stats/MessageTraffic'
    [ ERROR ] external_links - broken reference to http://www.rubydoc.info/gems/ably/Ably/Models/Stats/MessageCount: link has moved permanently to 'https://www.rubydoc.info/gems/ably/Ably/Models/Stats/MessageCount'
    [ ERROR ] external_links - broken reference to http://www.rubydoc.info/gems/ably/Ably/Models/PresenceMessage: link has moved permanently to 'https://www.rubydoc.info/gems/ably/Ably/Models/PresenceMessage'
    [ ERROR ] external_links - broken reference to https://github.ably.io/ably/ably-js: Failed to open TCP connection to github.ably.io:443 (getaddrinfo: nodename nor servname provided, or not known)
    [ ERROR ] external_links - broken reference to http://msgpack.org/: link has moved permanently to 'https://msgpack.org/'
    [ ERROR ] external_links - broken reference to http://www.rubydoc.info/gems/ably/Ably/Models/Stats/MessageTypes: link has moved permanently to 'https://www.rubydoc.info/gems/ably/Ably/Models/Stats/MessageTypes'
    [ ERROR ] external_links - broken reference to https://ably.com: 429
    [ ERROR ] external_links - broken reference to http://www.rubydoc.info/gems/ably/Ably/Models/Stats: link has moved permanently to 'https://www.rubydoc.info/gems/ably/Ably/Models/Stats'
    [ ERROR ] external_links - broken reference to https://ably.com/topic/websockets: 429
    [ ERROR ] external_links - broken reference to http://www.rubydoc.info/gems/ably/Ably/Models/ProtocolMessage: link has moved permanently to 'https://www.rubydoc.info/gems/ably/Ably/Models/ProtocolMessage'
    [ ERROR ] external_links - broken reference to https://ably.com/documentation/core-features/authentication: 429
  output/client-lib-development-guide/versions/v1.1/protocol/index.html:
    [ ERROR ] external_links - broken reference to http://msgpack.org/: link has moved permanently to 'https://msgpack.org/'
    [ ERROR ] external_links - broken reference to https://ably.com: 429
  output/client-lib-development-guide/websocket/index.html:
    [ ERROR ] external_links - broken reference to http://msgpack.org/: link has moved permanently to 'https://msgpack.org/'
    [ ERROR ] external_links - broken reference to https://ably.com: 429
    [ ERROR ] external_links - broken reference to https://ably.com/topic/websockets: 429
  output/code-index/index.html:
    [ ERROR ] external_links - broken reference to https://ably.com: 429
  output/code/adapters/pubnub-pub-sub/index.html:
    [ ERROR ] external_links - broken reference to https://ably.com/documentation/rest: 429
  output/code/adapters/pusher-pub-sub/index.html:
    [ ERROR ] external_links - broken reference to https://ably.com/documentation/rest: 429
  output/code/authentication/auth-callback/index.html:
    [ ERROR ] external_links - broken reference to https://ably.com/documentation/core-features/authentication: 429
  output/code/authentication/basic-auth/index.html:
    [ ERROR ] external_links - broken reference to https://ably.com/documentation/core-features/authentication: 429
  output/code/authentication/capabilities/index.html:
    [ ERROR ] external_links - broken reference to https://ably.com/documentation/core-features/authentication: 429
  output/code/authentication/create-token-request/index.html:
    [ ERROR ] external_links - broken reference to https://ably.com/documentation/core-features/authentication: 429
  output/code/authentication/jwt-token/index.html:
    [ ERROR ] external_links - broken reference to https://ably.com/documentation/core-features/authentication: 429
  output/code/authentication/request-token/index.html:
    [ ERROR ] external_links - broken reference to https://ably.com/documentation/core-features/authentication: 429
  output/code/hub-product/http-javascript/index.html:
    [ ERROR ] external_links - broken reference to https://ably.com/documentation/realtime/channels: 429
  output/code/hub-product/native-sdks-javascript/index.html:
    [ ERROR ] external_links - broken reference to https://ably.com/documentation/realtime/channels: 429
  output/code/hub-product/native-sdks-nodejs/index.html:
    [ ERROR ] external_links - broken reference to https://ably.com/documentation/realtime/channels: 429
  output/code/hub-product/sse-nodejs/index.html:
    [ ERROR ] external_links - broken reference to https://ably.com/documentation/realtime/channels: 429
  output/code/reactor/webhook-hmac-sha-256/index.html:
    [ ERROR ] external_links - broken reference to https://ably.com/documentation/general/events: 429
    [ ERROR ] external_links - broken reference to https://ably.com: 429
  output/code/realtime/channel-deltas-size/index.html:
    [ ERROR ] external_links - broken reference to https://ably.com/documentation/realtime/channels/deltas: 429
    [ ERROR ] external_links - broken reference to https://ably.com: 429
    [ ERROR ] external_links - broken reference to https://ably.com/hub: 429
  output/code/realtime/channel-deltas-sse-enveloped/index.html:
    [ ERROR ] external_links - broken reference to https://ably.com/realtime/channels/channel-parameters/deltas: 404
    [ ERROR ] external_links - broken reference to https://ably.com: 429
  output/code/realtime/channel-deltas-sse/index.html:
    [ ERROR ] external_links - broken reference to https://ably.com/realtime/channels/channel-parameters/deltas: 404
    [ ERROR ] external_links - broken reference to https://ably.com: 429
  output/code/realtime/channel-encrypted/index.html:
    [ ERROR ] external_links - broken reference to https://ably.com/documentation/realtime/encryption: 429
  output/code/realtime/channel-history-until-attach/index.html:
    [ ERROR ] external_links - broken reference to https://ably.com/documentation/realtime/history: 429
  output/code/realtime/channel-history/index.html:
    [ ERROR ] external_links - broken reference to https://ably.com/documentation/realtime/history: 429
  output/code/realtime/channel-implicit/index.html:
    [ ERROR ] external_links - broken reference to https://ably.com/documentation/realtime/channels: 429
  output/code/realtime/channel-publish/index.html:
    [ ERROR ] external_links - broken reference to https://ably.com/documentation/realtime/channels: 429
  output/code/realtime/channel/index.html:
    [ ERROR ] external_links - broken reference to https://ably.com/documentation/realtime/channels: 429
  output/code/realtime/connection-recover/index.html:
    [ ERROR ] external_links - broken reference to https://ably.com/documentation/realtime/connection: 429
  output/code/realtime/connection/index.html:
    [ ERROR ] external_links - broken reference to https://ably.com/documentation/realtime/connection: 429
  output/code/realtime/presence-events/index.html:
    [ ERROR ] external_links - broken reference to https://ably.com/documentation/realtime/presence: 429
  output/code/realtime/presence-multiple-client-id/index.html:
    [ ERROR ] external_links - broken reference to https://ably.com/documentation/realtime/presence: 429
  output/code/realtime/presence-simple/index.html:
    [ ERROR ] external_links - broken reference to https://ably.com/documentation/realtime/presence: 429
  output/code/realtime/rewind/index.html:
    [ ERROR ] external_links - broken reference to https://ably.com/documentation/realtime/channels/channel-parameters/overview/rewind: 429
    [ ERROR ] external_links - broken reference to https://ably.com: 429
  output/code/rest/batch-presence/index.html:
    [ ERROR ] external_links - broken reference to https://ably.com/documentation/rest/usage: 429
    [ ERROR ] external_links - broken reference to https://ably.com: 429
  output/code/rest/batch-publish/index.html:
    [ ERROR ] external_links - broken reference to https://ably.com/documentation/rest/usage: 429
    [ ERROR ] external_links - broken reference to https://ably.com: 429
  output/code/rest/channel-history/index.html:
    [ ERROR ] external_links - broken reference to https://ably.com/documentation/rest/channels: 429
  output/code/rest/channel-publish/index.html:
    [ ERROR ] external_links - broken reference to https://ably.com/documentation/rest/channels: 429
  output/code/rest/publish-on-behalf-of-client/index.html:
    [ ERROR ] external_links - broken reference to https://ably.com/documentation/rest/messages: 429
  output/code/sse/eventstream/index.html:
    [ ERROR ] external_links - broken reference to https://ably.com: 429
  output/code/sse/sse/index.html:
    [ ERROR ] external_links - broken reference to https://ably.com: 429
  output/code/website-examples/angular-todo/index.html:
    [ ERROR ] external_links - broken reference to https://ably.com/examples: link has moved permanently to 'https://ably.com/showcase'
    [ ERROR ] external_links - broken reference to https://ably.com: 429
  output/code/website-examples/backbone-todo/index.html:
    [ ERROR ] external_links - broken reference to http://backbonejs.org/: link has moved permanently to 'https://backbonejs.org/'
    [ ERROR ] external_links - broken reference to https://ably.com/examples: link has moved permanently to 'https://ably.com/showcase'
    [ ERROR ] external_links - broken reference to https://ably.com: 429
  output/code/website-examples/ember-todo/index.html:
    [ ERROR ] external_links - broken reference to http://emberjs.com/: link has moved permanently to 'https://emberjs.com/'
    [ ERROR ] external_links - broken reference to https://ably.com/examples: link has moved permanently to 'https://ably.com/showcase'
    [ ERROR ] external_links - broken reference to https://ably.com: 429
  output/code/website-examples/simple-chat.code/index.html:
    [ ERROR ] external_links - broken reference to https://ably.com/examples: link has moved permanently to 'https://ably.com/showcase'
    [ ERROR ] external_links - broken reference to https://ably.com: 429
  output/compare/ably-vs-pubnub/index.html:
    [ ERROR ] external_links - broken reference to https://ably.com/reactor: link has moved permanently to 'https://ably.com/integrations'
    [ ERROR ] external_links - broken reference to https://ably.com/adapters: link has moved permanently to 'https://ably.com/protocols'
    [ ERROR ] external_links - broken reference to https://ably.com/pricing/calculator: 429
    [ ERROR ] external_links - broken reference to https://ably.com/download: 429
    [ ERROR ] external_links - broken reference to https://ably.com: 429
    [ ERROR ] external_links - broken reference to https://ably.com/topic/idempotency: 429
    [ ERROR ] external_links - broken reference to https://ably.com/topic/websockets: 429
  output/compare/ably-vs-pusher/index.html:
    [ ERROR ] external_links - broken reference to https://ably.com/reactor: link has moved permanently to 'https://ably.com/integrations'
    [ ERROR ] external_links - broken reference to https://ably.com/adapters: link has moved permanently to 'https://ably.com/protocols'
    [ ERROR ] external_links - broken reference to https://ably.com/pricing/calculator: 429
    [ ERROR ] external_links - broken reference to https://ably.com/download: 429
    [ ERROR ] external_links - broken reference to https://ably.com: 429
    [ ERROR ] external_links - broken reference to https://ably.com/topic/idempotency: 429
    [ ERROR ] external_links - broken reference to https://ably.com/topic/websockets: 429
  output/compare/fanout-vs-pubnub/index.html:
    [ ERROR ] external_links - broken reference to https://www.quora.com/Why-is-PubNub-so-expensive-compare-to-Pusher-or-Firebase: link has moved permanently to 'https://www.quora.com/unanswered/Why-is-PubNub-so-expensive-compare-to-Pusher-or-Firebase'
    [ ERROR ] external_links - broken reference to https://www.pubnub.com/products/functions: link has moved permanently to 'https://www.pubnub.com/products/functions/'
    [ ERROR ] external_links - broken reference to https://www.pubnub.com/products/security/gdpr: link has moved permanently to 'https://www.pubnub.com/products/security/gdpr/'
    [ ERROR ] external_links - broken reference to https://ably.com/adapters?utm_source=fanout_v_pubnub&utm_medium=compare_pages: link has moved permanently to 'https://ably.com/protocols'
    [ ERROR ] external_links - broken reference to https://www.pubnub.com/docs/transaction-classification: link has moved permanently to 'https://www.pubnub.com/pricing/transaction-classification'
    [ ERROR ] external_links - broken reference to https://ably.io/topics: link has moved permanently to 'https://ably.com/topics'
    [ ERROR ] external_links - broken reference to https://ably.io/download?utm_source=fanout_v_pubnub&utm_medium=compare_pages: link has moved permanently to 'https://ably.com/download?utm_source=fanout_v_pubnub&utm_medium=compare_pages'
    [ ERROR ] external_links - broken reference to https://www.pubnub.com/services/professional-services: link has moved permanently to 'https://www.pubnub.com/'
    [ ERROR ] external_links - broken reference to https://support.pubnub.com/support/home: 404
    [ ERROR ] external_links - broken reference to https://ably.com/topic/mqtt?utm_source=fanout_v_pubnub&utm_medium=compare_pages: 429
    [ ERROR ] external_links - broken reference to https://support.pubnub.com/support/solutions/articles/14000043680: 404
    [ ERROR ] external_links - broken reference to https://ably.com/topic/websockets?utm_source=fanout_v_pubnub&utm_medium=compare_pages: 429
    [ ERROR ] external_links - broken reference to https://ably.com: 429
    [ ERROR ] external_links - broken reference to https://ably.com/topic/long-polling?utm_source=fanout_v_pubnub&utm_medium=compare_pages: 429
  output/compare/fanout-vs-pusher/index.html:
    [ ERROR ] external_links - broken reference to https://pusher.com/docs/client_api_guide/client_authorized_connections: link has moved permanently to 'https://pusher.com/docs/channels/using_channels/authorized-connections'
    [ ERROR ] external_links - broken reference to https://pusher.com/docs/clusters: link has moved permanently to 'https://pusher.com/docs/channels/miscellaneous/clusters'
    [ ERROR ] external_links - broken reference to https://ably.com/adapters?utm_source=fanout_v_pusher&utm_medium=compare_pages: 429
    [ ERROR ] external_links - broken reference to https://www.pusher.com/docs: link has moved permanently to 'https://pusher.com/docs'
    [ ERROR ] external_links - broken reference to https://ably.com/topic/long-polling?utm_source=fanout_v_pusher&utm_medium=compare_pages: 429
    [ ERROR ] external_links - broken reference to https://ably.io/topics: link has moved permanently to 'https://ably.com/topics'
    [ ERROR ] external_links - broken reference to https://ably.io/download?utm_source=fanout_v_pusher&utm_medium=compare_pages: link has moved permanently to 'https://ably.com/download?utm_source=fanout_v_pusher&utm_medium=compare_pages'
    [ ERROR ] external_links - broken reference to https://www.pusher.com: link has moved permanently to 'https://pusher.com/'
    [ ERROR ] external_links - broken reference to https://ably.com: 429
    [ ERROR ] external_links - broken reference to https://pusher.com/docs/libraries: link has moved permanently to 'https://pusher.com/docs/channels/channels_libraries/libraries'
  output/compare/push-vs-pusher/index.html:
    [ ERROR ] external_links - broken reference to https://download.pushtechnology.com/cloud/latest/sdks.html: 404
    [ ERROR ] external_links - broken reference to https://pusher.com/docs/clusters: link has moved permanently to 'https://pusher.com/docs/channels/miscellaneous/clusters'
    [ ERROR ] external_links - broken reference to http://www.pushtechnology.com: link has moved permanently to 'https://www.pushtechnology.com/'
    [ ERROR ] external_links - broken reference to https://ably.com/topic/websockets?utm_source=push-technology_v_pusher&utm_medium=compare_pages: 429
    [ ERROR ] external_links - broken reference to https://ably.com/api-streamer?utm_source=push-technology_v_pusher&utm_medium=compare_pages: 429
    [ ERROR ] external_links - broken reference to https://www.pusher.com: link has moved permanently to 'https://pusher.com/'
    [ ERROR ] external_links - broken reference to https://ably.io/download?utm_source=push-technology_v_pusher&utm_medium=compare_pages: link has moved permanently to 'https://ably.com/download?utm_source=push-technology_v_pusher&utm_medium=compare_pages'
    [ ERROR ] external_links - broken reference to https://ably.com: 429
    [ ERROR ] external_links - broken reference to https://ably.com/adapters?utm_source=push-technology_v_pusher&utm_medium=compare_pages: 429
    [ ERROR ] external_links - broken reference to https://pusher.com/docs/libraries: link has moved permanently to 'https://pusher.com/docs/channels/channels_libraries/libraries'
  output/compare/pusher-vs-pubnub/index.html:
    [ ERROR ] external_links - broken reference to https://ably.com/adapters?utm_source=pusher_v_pubnub&utm_medium=compare_pages: link has moved permanently to 'https://ably.com/protocols'
    [ ERROR ] external_links - broken reference to https://pusher.com/docs/client_api_guide/client_authorized_connections: link has moved permanently to 'https://pusher.com/docs/channels/using_channels/authorized-connections'
    [ ERROR ] external_links - broken reference to https://www.quora.com/Why-is-PubNub-so-expensive-compare-to-Pusher-or-Firebase: link has moved permanently to 'https://www.quora.com/unanswered/Why-is-PubNub-so-expensive-compare-to-Pusher-or-Firebase'
    [ ERROR ] external_links - broken reference to https://www.pubnub.com/products/functions: link has moved permanently to 'https://www.pubnub.com/products/functions/'
    [ ERROR ] external_links - broken reference to https://pusher.com/docs/clusters: link has moved permanently to 'https://pusher.com/docs/channels/miscellaneous/clusters'
    [ ERROR ] external_links - broken reference to https://ably.com/topics?utm_source=pusher_v_pubnub&utm_medium=compare_pages: 429
    [ ERROR ] external_links - broken reference to https://www.pubnub.com/docs/transaction-classification: link has moved permanently to 'https://www.pubnub.com/pricing/transaction-classification'
    [ ERROR ] external_links - broken reference to https://www.pubnub.com/services/professional-services: link has moved permanently to 'https://www.pubnub.com/'
    [ ERROR ] external_links - broken reference to https://ably.com/topic/websockets?utm_source=pusher_v_pubnub&utm_medium=compare_pages: 429
    [ ERROR ] external_links - broken reference to https://ably.com/api-streamer?utm_source=pusher_v_pubnub&utm_medium=compare_pages: 429
    [ ERROR ] external_links - broken reference to https://support.pubnub.com/support/home: 404
    [ ERROR ] external_links - broken reference to https://www.pusher.com: link has moved permanently to 'https://pusher.com/'
    [ ERROR ] external_links - broken reference to https://ably.io/download?utm_source=pusher_v_pubnub&utm_medium=compare_pages: link has moved permanently to 'https://ably.com/download?utm_source=pusher_v_pubnub&utm_medium=compare_pages'
    [ ERROR ] external_links - broken reference to https://ably.com/network?utm_source=pusher_v_pubnub&utm_medium=compare_pages: 429
    [ ERROR ] external_links - broken reference to https://support.pubnub.com/support/solutions/articles/14000043680: 404
    [ ERROR ] external_links - broken reference to https://ably.com: 429
    [ ERROR ] external_links - broken reference to https://pusher.com/docs/libraries: link has moved permanently to 'https://pusher.com/docs/channels/channels_libraries/libraries'
    [ ERROR ] external_links - broken reference to https://ably.com/topic/mqtt?utm_source=pusher_v_pubnub&utm_medium=compare_pages: 429
  output/compare/realtime-vs-push/index.html:
    [ ERROR ] external_links - broken reference to https://ably.io/download?utm_source=realtime_v_push-technology&utm_medium=compare_pages: link has moved permanently to 'https://ably.com/download?utm_source=realtime_v_push-technology&utm_medium=compare_pages'
    [ ERROR ] external_links - broken reference to https://framework.realtime.co/storage/: Failed to open TCP connection to framework.realtime.co:443 (getaddrinfo: nodename nor servname provided, or not known)
    [ ERROR ] external_links - broken reference to https://ably.com/adapters?utm_source=realtime_v_push-technology&utm_medium=compare_pages: link has moved permanently to 'https://ably.com/protocols'
    [ ERROR ] external_links - broken reference to https://download.pushtechnology.com/cloud/latest/sdks.html: 404
    [ ERROR ] external_links - broken reference to http://www.pushtechnology.com: link has moved permanently to 'https://www.pushtechnology.com/'
    [ ERROR ] external_links - broken reference to https://ably.com/topic/websockets?utm_source=realtime_v_push-technology&utm_medium=compare_pages: 429
    [ ERROR ] external_links - broken reference to https://www.crunchbase.com/organization/push-technology: 403
    [ ERROR ] external_links - broken reference to http://realtime.co: Failed to open TCP connection to realtime.co:80 (getaddrinfo: nodename nor servname provided, or not known)
    [ ERROR ] external_links - broken reference to https://ably.com/pricing?utm_source=realtime_v_push-technology&utm_medium=compare_pages: 429
    [ ERROR ] external_links - broken reference to https://framework.realtime.co/messaging/: Failed to open TCP connection to framework.realtime.co:443 (getaddrinfo: nodename nor servname provided, or not known)
    [ ERROR ] external_links - broken reference to https://ably.com: 429
    [ ERROR ] external_links - broken reference to https://www.pushtechnology.com/developers/: link has moved permanently to 'https://developers.pushtechnology.com/hc/'
    [ ERROR ] external_links - broken reference to https://www.crunchbase.com/organization/realtime-co: 403
  output/core-features/authentication/index.html:
    [ ERROR ] external_links - broken reference to https://ably.com: 429
    [ ERROR ] external_links - broken reference to http://en.wikipedia.org/wiki/Principle_of_least_privilege: link has moved permanently to 'https://en.wikipedia.org/wiki/Principle_of_least_privilege'
    [ ERROR ] external_links - broken reference to https://ably.com/documentation/core-features/authentication: 429
  output/core-features/channels/index.html:
    [ ERROR ] external_links - broken reference to https://ably.com: 429
    [ ERROR ] external_links - broken reference to https://ably.com/topic/websockets: 429
  output/core-features/history/index.html:
    [ ERROR ] external_links - broken reference to https://ably.com: 429
  output/core-features/presence/index.html:
    [ ERROR ] external_links - broken reference to https://ably.com/reactor: link has moved permanently to 'https://ably.com/integrations'
    [ ERROR ] external_links - broken reference to https://ably.com: 429
  output/core-features/pubsub/index.html:
    [ ERROR ] external_links - broken reference to https://ably.com: 429
  output/core-features/versions/v0.8/authentication/index.html:
    [ ERROR ] external_links - broken reference to http://tools.ietf.org/html/rfc4868: link has moved permanently to 'https://tools.ietf.org/html/rfc4868'
    [ ERROR ] external_links - broken reference to https://ably.com/download/: 429
    [ ERROR ] external_links - broken reference to https://ably.com: 429
    [ ERROR ] external_links - broken reference to http://en.wikipedia.org/wiki/Principle_of_least_privilege: link has moved permanently to 'https://en.wikipedia.org/wiki/Principle_of_least_privilege'
  output/core-features/versions/v1.0/authentication/index.html:
    [ ERROR ] external_links - broken reference to https://ably.com: 429
    [ ERROR ] external_links - broken reference to http://en.wikipedia.org/wiki/Principle_of_least_privilege: link has moved permanently to 'https://en.wikipedia.org/wiki/Principle_of_least_privilege'
    [ ERROR ] external_links - broken reference to https://ably.com/documentation/core-features/authentication: 429
  output/core-features/versions/v1.1/authentication/index.html:
    [ ERROR ] external_links - broken reference to https://ably.com: 429
    [ ERROR ] external_links - broken reference to http://en.wikipedia.org/wiki/Principle_of_least_privilege: link has moved permanently to 'https://en.wikipedia.org/wiki/Principle_of_least_privilege'
    [ ERROR ] external_links - broken reference to https://ably.com/documentation/core-features/authentication: 429
  output/core-features/versions/v1.1/channels/index.html:
    [ ERROR ] external_links - broken reference to https://ably.com: 429
    [ ERROR ] external_links - broken reference to https://ably.com/topic/websockets: 429
  output/core-features/versions/v1.1/history/index.html:
    [ ERROR ] external_links - broken reference to https://ably.com: 429
  output/core-features/versions/v1.1/presence/index.html:
    [ ERROR ] external_links - broken reference to https://ably.com/reactor: link has moved permanently to 'https://ably.com/integrations'
    [ ERROR ] external_links - broken reference to https://ably.com: 429
  output/core-features/versions/v1.1/pubsub/index.html:
    [ ERROR ] external_links - broken reference to https://ably.com: 429
  output/design-patterns/hq-style-games/index.html:
    [ ERROR ] external_links - broken reference to https://ably.com/reactor: link has moved permanently to 'https://ably.com/integrations'
    [ ERROR ] external_links - broken reference to https://ably.com: 429
  output/design-patterns/index.html:
    [ ERROR ] external_links - broken reference to https://ably.com: 429
  output/design-patterns/read-receipts/index.html:
    [ ERROR ] external_links - broken reference to https://ably.com/reactor: link has moved permanently to 'https://ably.com/integrations'
    [ ERROR ] external_links - broken reference to https://kuwaitiful.com/tag/whatsapp/: Failed to open TCP connection to kuwaitiful.com:443 (Connection refused - connect(2) for "kuwaitiful.com" port 443)
    [ ERROR ] external_links - broken reference to https://ably.com: 429
  output/general/channel-rules-namespaces/index.html:
    [ ERROR ] external_links - broken reference to https://ably.com/blog/channel-rewind/: link has moved permanently to 'https://ably.com/blog/channel-rewind'
    [ ERROR ] external_links - broken reference to https://ably.com: 429
  output/general/events/aws-lambda/index.html:
    [ ERROR ] external_links - broken reference to https://ably.com/documentation/general/events/aws-lambda: 429
    [ ERROR ] external_links - broken reference to https://ably.com: 429
    [ ERROR ] external_links - broken reference to https://aws.amazon.com/lambda: link has moved permanently to 'https://aws.amazon.com/lambda/'
  output/general/events/azure/index.html:
    [ ERROR ] external_links - broken reference to https://azure.microsoft.com/en-gb/services/functions: link has moved permanently to 'https://azure.microsoft.com/en-gb/services/functions/'
    [ ERROR ] external_links - broken reference to http://msgpack.org: link has moved permanently to 'https://msgpack.org/'
    [ ERROR ] external_links - broken reference to http://goessner.net/articles/JsonPath: link has moved permanently to 'https://goessner.net/articles/JsonPath'
    [ ERROR ] external_links - broken reference to https://docs.microsoft.com/en-us/azure/azure-functions/functions-create-first-azure-function: link has moved permanently to 'https://docs.microsoft.com/en-us/azure/azure-functions/functions-get-started'
    [ ERROR ] external_links - broken reference to https://ably.com: 429
  output/general/events/cloudflare/index.html:
    [ ERROR ] external_links - broken reference to http://msgpack.org: link has moved permanently to 'https://msgpack.org/'
    [ ERROR ] external_links - broken reference to http://goessner.net/articles/JsonPath: link has moved permanently to 'https://goessner.net/articles/JsonPath'
    [ ERROR ] external_links - broken reference to https://www.cloudflare.com/en-gb/products/cloudflare-workers: link has moved permanently to 'https://workers.cloudflare.com'
    [ ERROR ] external_links - broken reference to https://ably.com: 429
    [ ERROR ] external_links - broken reference to https://ably.com/documentation/general/events/cloudflare: 429
  output/general/events/google-functions/index.html:
    [ ERROR ] external_links - broken reference to http://msgpack.org: link has moved permanently to 'https://msgpack.org/'
    [ ERROR ] external_links - broken reference to http://goessner.net/articles/JsonPath: link has moved permanently to 'https://goessner.net/articles/JsonPath'
    [ ERROR ] external_links - broken reference to https://ably.com: 429
  output/general/events/ifttt/index.html:
    [ ERROR ] external_links - broken reference to https://ably.com/documentation/general/events/ifttt: 429
    [ ERROR ] external_links - broken reference to https://ably.com: 429
  output/general/events/index.html:
    [ ERROR ] external_links - broken reference to http://msgpack.org: link has moved permanently to 'https://msgpack.org/'
    [ ERROR ] external_links - broken reference to https://ably.com/adapters: link has moved permanently to 'https://ably.com/protocols'
    [ ERROR ] external_links - broken reference to http://goessner.net/articles/JsonPath: link has moved permanently to 'https://goessner.net/articles/JsonPath'
    [ ERROR ] external_links - broken reference to https://ably.com/documentation/general/events: 429
    [ ERROR ] external_links - broken reference to https://ably.com: 429
  output/general/events/zapier/index.html:
    [ ERROR ] external_links - broken reference to http://msgpack.org: link has moved permanently to 'https://msgpack.org/'
    [ ERROR ] external_links - broken reference to https://ably.com/documentation/general/events/zapier: 429
    [ ERROR ] external_links - broken reference to http://goessner.net/articles/JsonPath: link has moved permanently to 'https://goessner.net/articles/JsonPath'
    [ ERROR ] external_links - broken reference to https://ably.com: 429
  output/general/firehose/index.html:
    [ ERROR ] external_links - broken reference to https://blog.ably.io/message-queues-the-right-way-to-process-and-work-with-realtime-data-on-your-servers-2d15985301f8: link has moved permanently to 'https://ably.com/blog/message-queues-the-right-way'
    [ ERROR ] external_links - broken reference to https://ably.com/reactor: link has moved permanently to 'https://ably.com/integrations'
    [ ERROR ] external_links - broken reference to https://ably.com/pricing/enterprise: 429
    [ ERROR ] external_links - broken reference to https://ably.com: 429
  output/general/incoming-webhooks/index.html:
    [ ERROR ] external_links - broken reference to https://ably.com/blog/introducing-idempotent-publishing: 429
    [ ERROR ] external_links - broken reference to https://ably.com: 429
    [ ERROR ] external_links - broken reference to https://knowledge.ably.com/do-you-have-any-connection-message-rate-or-other-limits-on-accounts-1: link has moved permanently to 'https://knowledge.ably.com/do-you-have-any-connection-message-rate-or-other-limits-on-accounts'
  output/general/push/activate-subscribe/index.html:
    [ ERROR ] external_links - broken reference to https://developer.apple.com/reference/uikit/uiapplicationdelegate/1622958-application: link has moved permanently to 'https://developer.apple.com/documentation/uikit/uiapplicationdelegate/1622958-application'
    [ ERROR ] external_links - broken reference to https://developer.apple.com/library/content/documentation/NetworkingInternet/Conceptual/RemoteNotificationsPG/CommunicatingwithAPNs.html: link has moved permanently to 'https://developer.apple.com/library/archive/documentation/NetworkingInternet/Conceptual/RemoteNotificationsPG/CommunicatingwithAPNs.html'
    [ ERROR ] external_links - broken reference to https://developer.apple.com/reference/uikit/uiapplicationdelegate/1622962-application: link has moved permanently to 'https://developer.apple.com/documentation/uikit/uiapplicationdelegate/1622962-application'
    [ ERROR ] external_links - broken reference to https://developer.android.com/reference/android/support/v4/content/LocalBroadcastManager: too many redirects
    [ ERROR ] external_links - broken reference to https://developer.apple.com/library/content/documentation/NetworkingInternet/Conceptual/RemoteNotificationsPG/APNSOverview.html: link has moved permanently to 'https://developer.apple.com/library/archive/documentation/NetworkingInternet/Conceptual/RemoteNotificationsPG/APNSOverview.html'
    [ ERROR ] external_links - broken reference to https://ably.com: 429
    [ ERROR ] external_links - broken reference to https://developer.apple.com/reference/uikit/uiapplicationdelegate/1622962-application?language=objc: link has moved permanently to 'https://developer.apple.com/documentation/uikit/uiapplicationdelegate/1622962-application?preferredLanguage=occ'
    [ ERROR ] external_links - broken reference to https://developer.apple.com/reference/uikit/uiapplicationdelegate/1622958-application?language=objc: link has moved permanently to 'https://developer.apple.com/documentation/uikit/uiapplicationdelegate/1622958-application?preferredLanguage=occ'
  output/general/push/admin/index.html:
    [ ERROR ] external_links - broken reference to https://ably.com: 429
  output/general/push/index.html:
    [ ERROR ] external_links - broken reference to https://blog.ably.io/smart-notifications-the-next-evolution-of-messaging-6dcb24bf857: link has moved permanently to 'https://ably.com/blog/smart-notifications-evolution-of-messaging'
    [ ERROR ] external_links - broken reference to https://ably.com/download: 429
    [ ERROR ] external_links - broken reference to https://ably.com: 429
  output/general/push/publish/index.html:
    [ ERROR ] external_links - broken reference to https://ably.com: 429
  output/general/queues/index.html:
    [ ERROR ] external_links - broken reference to https://ably.com/dsn: link has moved permanently to 'https://ably.com/platform'
    [ ERROR ] external_links - broken reference to http://stackoverflow.com/a/17011833/139607: link has moved permanently to 'https://stackoverflow.com/a/17011833/139607'
    [ ERROR ] external_links - broken reference to http://soapatterns.org/design_patterns/asynchronous_queuing: link has moved permanently to 'https://patterns.arcitura.com/soa-patterns/design_patterns/asynchronous_queuing'
    [ ERROR ] external_links - broken reference to http://msgpack.org: link has moved permanently to 'https://msgpack.org/'
    [ ERROR ] external_links - broken reference to https://ably.com/reactor: link has moved permanently to 'https://ably.com/integrations'
    [ ERROR ] external_links - broken reference to http://www.cloudcomputingpatterns.org/at_least_once_delivery/: link has moved permanently to 'https://www.cloudcomputingpatterns.org/at_least_once_delivery/'
    [ ERROR ] external_links - broken reference to http://stackoverflow.com/a/21363518/139607: link has moved permanently to 'https://stackoverflow.com/a/21363518/139607'
    [ ERROR ] external_links - broken reference to http://bravenewgeek.com/you-cannot-have-exactly-once-delivery/: link has moved permanently to 'https://bravenewgeek.com/you-cannot-have-exactly-once-delivery/'
    [ ERROR ] external_links - broken reference to https://ably.com/download: 429
    [ ERROR ] external_links - broken reference to https://ably.com/pricing/enterprise: 429
    [ ERROR ] external_links - broken reference to https://ably.com: 429
    [ ERROR ] external_links - broken reference to https://ably.com/documentation/general/queues: 429
  output/general/statistics/index.html:
    [ ERROR ] external_links - broken reference to https://ably.com: 429
  output/general/versions/v0.8/channel-rules-namespaces/index.html:
    [ ERROR ] external_links - broken reference to https://ably.com: 429
  output/general/versions/v0.8/push-notifications/index.html:
    [ ERROR ] external_links - broken reference to https://ably.com: 429
  output/general/versions/v0.8/queues/index.html:
    [ ERROR ] external_links - broken reference to https://blog.ably.io/message-queues-the-right-way-to-process-and-work-with-realtime-data-on-your-servers-2d15985301f8: link has moved permanently to 'https://ably.com/blog/message-queues-the-right-way'
    [ ERROR ] external_links - broken reference to https://ably.com/documentation/general/versions/v0.8/queues: 429
    [ ERROR ] external_links - broken reference to https://ably.com: 429
  output/general/versions/v0.8/statistics/index.html:
    [ ERROR ] external_links - broken reference to https://ably.com: 429
  output/general/versions/v1.0/channel-rules-namespaces/index.html:
    [ ERROR ] external_links - broken reference to https://ably.com: 429
    [ ERROR ] external_links - broken reference to https://ably.com/documentation/general/versions/v1.0/channel-rules-namespaces: 429
  output/general/versions/v1.0/firehose/index.html:
    [ ERROR ] external_links - broken reference to https://blog.ably.io/message-queues-the-right-way-to-process-and-work-with-realtime-data-on-your-servers-2d15985301f8: link has moved permanently to 'https://ably.com/blog/message-queues-the-right-way'
    [ ERROR ] external_links - broken reference to https://ably.com/reactor: link has moved permanently to 'https://ably.com/integrations'
    [ ERROR ] external_links - broken reference to https://ably.com/documentation/general/versions/v1.0/firehose: 429
    [ ERROR ] external_links - broken reference to https://ably.com/pricing/enterprise: 429
    [ ERROR ] external_links - broken reference to https://ably.com: 429
  output/general/versions/v1.0/push/index.html:
    [ ERROR ] external_links - broken reference to https://blog.ably.io/smart-notifications-the-next-evolution-of-messaging-6dcb24bf857: link has moved permanently to 'https://ably.com/blog/smart-notifications-evolution-of-messaging'
    [ ERROR ] external_links - broken reference to https://ably.com: 429
  output/general/versions/v1.0/queues/index.html:
    [ ERROR ] external_links - broken reference to https://ably.com/dsn: link has moved permanently to 'https://ably.com/platform'
    [ ERROR ] external_links - broken reference to http://stackoverflow.com/a/17011833/139607: link has moved permanently to 'https://stackoverflow.com/a/17011833/139607'
    [ ERROR ] external_links - broken reference to http://soapatterns.org/design_patterns/asynchronous_queuing: link has moved permanently to 'https://patterns.arcitura.com/soa-patterns/design_patterns/asynchronous_queuing'
    [ ERROR ] external_links - broken reference to http://msgpack.org: link has moved permanently to 'https://msgpack.org/'
    [ ERROR ] external_links - broken reference to https://ably.com/reactor: link has moved permanently to 'https://ably.com/integrations'
    [ ERROR ] external_links - broken reference to http://www.cloudcomputingpatterns.org/at_least_once_delivery/: link has moved permanently to 'https://www.cloudcomputingpatterns.org/at_least_once_delivery/'
    [ ERROR ] external_links - broken reference to http://stackoverflow.com/a/21363518/139607: link has moved permanently to 'https://stackoverflow.com/a/21363518/139607'
    [ ERROR ] external_links - broken reference to http://bravenewgeek.com/you-cannot-have-exactly-once-delivery/: link has moved permanently to 'https://bravenewgeek.com/you-cannot-have-exactly-once-delivery/'
    [ ERROR ] external_links - broken reference to https://ably.com/documentation/general/versions/v1.0/queues: 429
    [ ERROR ] external_links - broken reference to https://ably.com/download: 429
    [ ERROR ] external_links - broken reference to https://ably.com/pricing/enterprise: 429
    [ ERROR ] external_links - broken reference to https://ably.com: 429
  output/general/versions/v1.0/statistics/index.html:
    [ ERROR ] external_links - broken reference to https://ably.com: 429
  output/general/versions/v1.1/channel-rules-namespaces/index.html:
    [ ERROR ] external_links - broken reference to https://ably.com: 429
  output/general/versions/v1.1/firehose/index.html:
    [ ERROR ] external_links - broken reference to https://blog.ably.io/message-queues-the-right-way-to-process-and-work-with-realtime-data-on-your-servers-2d15985301f8: link has moved permanently to 'https://ably.com/blog/message-queues-the-right-way'
    [ ERROR ] external_links - broken reference to https://ably.com/reactor: link has moved permanently to 'https://ably.com/integrations'
    [ ERROR ] external_links - broken reference to https://ably.com/pricing/enterprise: 429
    [ ERROR ] external_links - broken reference to https://ably.com: 429
  output/general/versions/v1.1/push/activate-subscribe/index.html:
    [ ERROR ] external_links - broken reference to https://developer.apple.com/reference/uikit/uiapplicationdelegate/1622958-application: link has moved permanently to 'https://developer.apple.com/documentation/uikit/uiapplicationdelegate/1622958-application'
    [ ERROR ] external_links - broken reference to https://developer.apple.com/library/content/documentation/NetworkingInternet/Conceptual/RemoteNotificationsPG/CommunicatingwithAPNs.html: link has moved permanently to 'https://developer.apple.com/library/archive/documentation/NetworkingInternet/Conceptual/RemoteNotificationsPG/CommunicatingwithAPNs.html'
    [ ERROR ] external_links - broken reference to https://developer.apple.com/reference/uikit/uiapplicationdelegate/1622962-application: link has moved permanently to 'https://developer.apple.com/documentation/uikit/uiapplicationdelegate/1622962-application'
    [ ERROR ] external_links - broken reference to https://developer.android.com/reference/android/support/v4/content/LocalBroadcastManager: too many redirects
    [ ERROR ] external_links - broken reference to https://developer.apple.com/library/content/documentation/NetworkingInternet/Conceptual/RemoteNotificationsPG/APNSOverview.html: link has moved permanently to 'https://developer.apple.com/library/archive/documentation/NetworkingInternet/Conceptual/RemoteNotificationsPG/APNSOverview.html'
    [ ERROR ] external_links - broken reference to https://ably.com/documentation/general/versions/v1.1/push/activate-subscribe: 429
    [ ERROR ] external_links - broken reference to https://ably.com: 429
    [ ERROR ] external_links - broken reference to https://developer.apple.com/reference/uikit/uiapplicationdelegate/1622962-application?language=objc: link has moved permanently to 'https://developer.apple.com/documentation/uikit/uiapplicationdelegate/1622962-application?preferredLanguage=occ'
    [ ERROR ] external_links - broken reference to https://developer.apple.com/reference/uikit/uiapplicationdelegate/1622958-application?language=objc: link has moved permanently to 'https://developer.apple.com/documentation/uikit/uiapplicationdelegate/1622958-application?preferredLanguage=occ'
  output/general/versions/v1.1/push/admin/index.html:
    [ ERROR ] external_links - broken reference to https://ably.com: 429
  output/general/versions/v1.1/push/index.html:
    [ ERROR ] external_links - broken reference to https://blog.ably.io/smart-notifications-the-next-evolution-of-messaging-6dcb24bf857: link has moved permanently to 'https://ably.com/blog/smart-notifications-evolution-of-messaging'
    [ ERROR ] external_links - broken reference to https://ably.com/download: 429
    [ ERROR ] external_links - broken reference to https://ably.com: 429
    [ ERROR ] external_links - broken reference to https://ably.com/documentation/general/versions/v1.1/push: 429
  output/general/versions/v1.1/push/publish/index.html:
    [ ERROR ] external_links - broken reference to https://ably.com: 429
  output/general/versions/v1.1/queues/index.html:
    [ ERROR ] external_links - broken reference to https://ably.com/dsn: link has moved permanently to 'https://ably.com/platform'
    [ ERROR ] external_links - broken reference to http://stackoverflow.com/a/17011833/139607: link has moved permanently to 'https://stackoverflow.com/a/17011833/139607'
    [ ERROR ] external_links - broken reference to http://soapatterns.org/design_patterns/asynchronous_queuing: link has moved permanently to 'https://patterns.arcitura.com/soa-patterns/design_patterns/asynchronous_queuing'
    [ ERROR ] external_links - broken reference to http://msgpack.org: link has moved permanently to 'https://msgpack.org/'
    [ ERROR ] external_links - broken reference to https://ably.com/reactor: link has moved permanently to 'https://ably.com/integrations'
    [ ERROR ] external_links - broken reference to http://www.cloudcomputingpatterns.org/at_least_once_delivery/: link has moved permanently to 'https://www.cloudcomputingpatterns.org/at_least_once_delivery/'
    [ ERROR ] external_links - broken reference to http://stackoverflow.com/a/21363518/139607: link has moved permanently to 'https://stackoverflow.com/a/21363518/139607'
    [ ERROR ] external_links - broken reference to http://bravenewgeek.com/you-cannot-have-exactly-once-delivery/: link has moved permanently to 'https://bravenewgeek.com/you-cannot-have-exactly-once-delivery/'
    [ ERROR ] external_links - broken reference to https://ably.com/download: 429
    [ ERROR ] external_links - broken reference to https://ably.com/pricing/enterprise: 429
    [ ERROR ] external_links - broken reference to https://ably.com: 429
  output/general/versions/v1.1/statistics/index.html:
    [ ERROR ] external_links - broken reference to https://ably.com: 429
  output/how-ably-works/index.html:
    [ ERROR ] external_links - broken reference to http://caniuse.com/: link has moved permanently to 'https://caniuse.com/'
    [ ERROR ] external_links - broken reference to https://ably.com: 429
    [ ERROR ] external_links - broken reference to https://ably.com/channels: 429
    [ ERROR ] external_links - broken reference to https://ably.com/topic/websockets: 429
    [ ERROR ] external_links - broken reference to https://ably.com/documentation/how-ably-works: 429
  output/index.html:
    [ ERROR ] external_links - broken reference to https://ably.com/: 429
    [ ERROR ] external_links - broken reference to https://ably.com: 429
  output/mqtt/index.html:
    [ ERROR ] external_links - broken reference to https://ably.com/adapters: link has moved permanently to 'https://ably.com/protocols'
    [ ERROR ] external_links - broken reference to https://ably.com/documentation/realtime/history: 429
    [ ERROR ] external_links - broken reference to https://ably.com/tutorials/mqtt-snake: 429
    [ ERROR ] external_links - broken reference to http://mqtt.org/: link has moved permanently to 'https://mqtt.org/'
    [ ERROR ] external_links - broken reference to https://ably.com: 429
    [ ERROR ] external_links - broken reference to https://ably.com/documentation/realtime/presence: 429
    [ ERROR ] external_links - broken reference to https://ably.com/documentation/core-features/authentication: 429
  output/quick-start-guide/index.html:
    [ ERROR ] external_links - broken reference to https://pypi.python.org/pypi/ably: link has moved permanently to 'https://pypi.org/pypi/ably'
    [ ERROR ] external_links - broken reference to https://ably.com/documentation/quick-start-guide: 429
    [ ERROR ] external_links - broken reference to https://ably.com/download: 429
    [ ERROR ] external_links - broken reference to https://ably.com: 429
  output/realtime/authentication/index.html:
    [ ERROR ] external_links - broken reference to https://ably.com: 429
    [ ERROR ] external_links - broken reference to http://en.wikipedia.org/wiki/Principle_of_least_privilege: link has moved permanently to 'https://en.wikipedia.org/wiki/Principle_of_least_privilege'
    [ ERROR ] external_links - broken reference to https://ably.com/documentation/core-features/authentication: 429
  output/realtime/channel-metadata/index.html:
    [ ERROR ] external_links - broken reference to https://ably.com: 429
  output/realtime/channels/channel-parameters/deltas/index.html:
    [ ERROR ] external_links - broken reference to https://ably.com/reactor: link has moved permanently to 'https://ably.com/integrations'
    [ ERROR ] external_links - broken reference to https://ably.com/download: 429
    [ ERROR ] external_links - broken reference to https://ably.com: 429
  output/realtime/channels/channel-parameters/overview/index.html:
    [ ERROR ] external_links - broken reference to https://ably.com: 429
  output/realtime/channels/channel-parameters/rewind/index.html:
    [ ERROR ] external_links - broken reference to https://ably.com/documentation/realtime/channels/channel-parameters/rewind: 429
    [ ERROR ] external_links - broken reference to https://ably.com: 429
  output/realtime/channels/index.html:
    [ ERROR ] external_links - broken reference to https://ably.com/adapters: link has moved permanently to 'https://ably.com/protocols'
    [ ERROR ] external_links - broken reference to https://ably.com/blog/channel-rewind/: link has moved permanently to 'https://ably.com/blog/channel-rewind'
    [ ERROR ] external_links - broken reference to https://ably.com/download: 429
    [ ERROR ] external_links - broken reference to https://ably.com/documentation/realtime/channels: 429
    [ ERROR ] external_links - broken reference to https://ably.com: 429
  output/realtime/connection/index.html:
    [ ERROR ] external_links - broken reference to https://www.w3.org/TR/html5/browsers.html: link has moved permanently to 'https://html.spec.whatwg.org/multipage/browsers.html'
    [ ERROR ] external_links - broken reference to https://ably.com/documentation/realtime/connection: 429
    [ ERROR ] external_links - broken reference to https://ably.com: 429
    [ ERROR ] external_links - broken reference to https://ably.com/topic/websockets: 429
  output/realtime/encryption/index.html:
    [ ERROR ] external_links - broken reference to https://ably.com/documentation/realtime/encryption: 429
    [ ERROR ] external_links - broken reference to https://ably.com: 429
  output/realtime/history/index.html:
    [ ERROR ] external_links - broken reference to https://ably.com/adapters: link has moved permanently to 'https://ably.com/protocols'
    [ ERROR ] external_links - broken reference to https://ably.com/documentation/realtime/history: 429
    [ ERROR ] external_links - broken reference to https://ably.com: 429
  output/realtime/inband-occupancy/index.html:
    [ ERROR ] external_links - broken reference to https://www.ably.io/documentation/realtime/channel-params: link has moved permanently to 'https://ably.com/documentation/realtime/channel-params'
    [ ERROR ] external_links - broken reference to https://ably.com: 429
  output/realtime/index.html:
    [ ERROR ] external_links - broken reference to https://ably.com/reactor: link has moved permanently to 'https://ably.com/integrations'
    [ ERROR ] external_links - broken reference to http://ably.com/adapters: link has moved permanently to 'https://ably.com/adapters'
    [ ERROR ] external_links - broken reference to https://ably.com/download: 429
    [ ERROR ] external_links - broken reference to https://ably.com: 429
    [ ERROR ] external_links - broken reference to https://ably.com/topic/websockets: 429
  output/realtime/messages/index.html:
    [ ERROR ] external_links - broken reference to https://ably.com: 429
  output/realtime/metachannels/index.html:
    [ ERROR ] external_links - broken reference to https://www.ably.io/reactor: link has moved permanently to 'https://www.ably.io/integrations'
    [ ERROR ] external_links - broken reference to https://support.ably.com/support/solutions/articles/3000088326: link has moved permanently to 'https://knowledge.ably.com/how-can-i-enable-channel-lifecycles'
    [ ERROR ] external_links - broken reference to https://ably.com/documentation/realtime/metachannels: 429
    [ ERROR ] external_links - broken reference to https://support.ably.com/solution/articles/3000053845: link has moved permanently to 'https://knowledge.ably.com/do-you-have-any-connection-message-rate-or-other-limits-on-accounts'
    [ ERROR ] external_links - broken reference to https://www.ably.io/pricing/enterprise: 429
    [ ERROR ] external_links - broken reference to https://ably.com: 429
  output/realtime/presence/index.html:
    [ ERROR ] external_links - broken reference to https://ably.com: 429
    [ ERROR ] external_links - broken reference to https://ably.com/documentation/realtime/presence: 429
  output/realtime/push/index.html:
    [ ERROR ] external_links - broken reference to https://developer.android.com/reference/android/support/v4/content/LocalBroadcastManager: too many redirects
    [ ERROR ] external_links - broken reference to https://ably.com: 429
  output/realtime/statistics/index.html:
    [ ERROR ] external_links - broken reference to http://www.rubydoc.info/gems/ably/Ably/Models/Stats/ResourceCount: link has moved permanently to 'https://www.rubydoc.info/gems/ably/Ably/Models/Stats/ResourceCount'
    [ ERROR ] external_links - broken reference to http://www.rubydoc.info/gems/ably/Ably/Models/Stats/RequestCount: link has moved permanently to 'https://www.rubydoc.info/gems/ably/Ably/Models/Stats/RequestCount'
    [ ERROR ] external_links - broken reference to http://www.rubydoc.info/gems/ably/Ably/Models/Stats/ConnectionTypes: link has moved permanently to 'https://www.rubydoc.info/gems/ably/Ably/Models/Stats/ConnectionTypes'
    [ ERROR ] external_links - broken reference to http://www.rubydoc.info/gems/ably/Ably/Models/Stats/MessageTraffic: link has moved permanently to 'https://www.rubydoc.info/gems/ably/Ably/Models/Stats/MessageTraffic'
    [ ERROR ] external_links - broken reference to http://www.rubydoc.info/gems/ably/Ably/Models/Stats/MessageTypes: link has moved permanently to 'https://www.rubydoc.info/gems/ably/Ably/Models/Stats/MessageTypes'
    [ ERROR ] external_links - broken reference to https://ably.com: 429
    [ ERROR ] external_links - broken reference to http://www.rubydoc.info/gems/ably/Ably/Models/Stats: link has moved permanently to 'https://www.rubydoc.info/gems/ably/Ably/Models/Stats'
  output/realtime/types/index.html:
    [ ERROR ] external_links - broken reference to http://www.rubydoc.info/gems/ably/Ably/Models/Stats/ResourceCount: link has moved permanently to 'https://www.rubydoc.info/gems/ably/Ably/Models/Stats/ResourceCount'
    [ ERROR ] external_links - broken reference to http://www.rubydoc.info/gems/eventmachine/EventMachine/Deferrable: link has moved permanently to 'https://www.rubydoc.info/gems/eventmachine/EventMachine/Deferrable'
    [ ERROR ] external_links - broken reference to http://www.rubydoc.info/gems/ably/Ably/Models/Stats/RequestCount: link has moved permanently to 'https://www.rubydoc.info/gems/ably/Ably/Models/Stats/RequestCount'
    [ ERROR ] external_links - broken reference to http://www.rubydoc.info/gems/ably/Ably/Models/Stats/ConnectionTypes: link has moved permanently to 'https://www.rubydoc.info/gems/ably/Ably/Models/Stats/ConnectionTypes'
    [ ERROR ] external_links - broken reference to https://www.w3.org/TR/html5/browsers.html: link has moved permanently to 'https://html.spec.whatwg.org/multipage/browsers.html'
    [ ERROR ] external_links - broken reference to http://www.rubydoc.info/gems/ably/Ably/Models/Stats/MessageTraffic: link has moved permanently to 'https://www.rubydoc.info/gems/ably/Ably/Models/Stats/MessageTraffic'
    [ ERROR ] external_links - broken reference to https://ably.com/download: 429
    [ ERROR ] external_links - broken reference to http://www.rubydoc.info/gems/ably/Ably/Models/Stats/MessageTypes: link has moved permanently to 'https://www.rubydoc.info/gems/ably/Ably/Models/Stats/MessageTypes'
    [ ERROR ] external_links - broken reference to https://ably.com: 429
    [ ERROR ] external_links - broken reference to http://www.rubydoc.info/gems/ably/Ably/Models/Stats: link has moved permanently to 'https://www.rubydoc.info/gems/ably/Ably/Models/Stats'
    [ ERROR ] external_links - broken reference to https://ably.com/documentation/core-features/authentication: 429
  output/realtime/usage/index.html:
    [ ERROR ] external_links - broken reference to http://www.rubydoc.info/gems/ably/Ably/Models/Stats/ResourceCount: link has moved permanently to 'https://www.rubydoc.info/gems/ably/Ably/Models/Stats/ResourceCount'
    [ ERROR ] external_links - broken reference to https://cocoapods.org/pods/Ably: 500
    [ ERROR ] external_links - broken reference to http://www.rubydoc.info/gems/ably/Ably/Models/Stats/RequestCount: link has moved permanently to 'https://www.rubydoc.info/gems/ably/Ably/Models/Stats/RequestCount'
    [ ERROR ] external_links - broken reference to http://www.rubydoc.info/gems/ably/Ably/Models/Stats/ConnectionTypes: link has moved permanently to 'https://www.rubydoc.info/gems/ably/Ably/Models/Stats/ConnectionTypes'
    [ ERROR ] external_links - broken reference to http://www.rubydoc.info/gems/ably/Ably/Models/Stats/MessageTraffic: link has moved permanently to 'https://www.rubydoc.info/gems/ably/Ably/Models/Stats/MessageTraffic'
    [ ERROR ] external_links - broken reference to https://npmjs.org/package/ably: link has moved permanently to 'https://www.npmjs.com/package/ably'
    [ ERROR ] external_links - broken reference to https://ably.com/download: 429
    [ ERROR ] external_links - broken reference to http://www.rubydoc.info/gems/ably/Ably/Models/Stats/MessageTypes: link has moved permanently to 'https://www.rubydoc.info/gems/ably/Ably/Models/Stats/MessageTypes'
    [ ERROR ] external_links - broken reference to https://ably.com: 429
    [ ERROR ] external_links - broken reference to http://www.rubydoc.info/gems/ably/Ably/Models/Stats: link has moved permanently to 'https://www.rubydoc.info/gems/ably/Ably/Models/Stats'
    [ ERROR ] external_links - broken reference to https://ably.com/documentation/core-features/authentication: 429
  output/realtime/versions/v0.8/authentication/index.html:
    [ ERROR ] external_links - broken reference to https://ably.com: 429
    [ ERROR ] external_links - broken reference to https://ably.com/documentation/realtime/versions/v0.8/authentication: 429
  output/realtime/versions/v0.8/channels/index.html:
    [ ERROR ] external_links - broken reference to https://ably.com: 429
  output/realtime/versions/v0.8/connection/index.html:
    [ ERROR ] external_links - broken reference to https://www.w3.org/TR/html5/browsers.html: link has moved permanently to 'https://html.spec.whatwg.org/multipage/browsers.html'
    [ ERROR ] external_links - broken reference to https://ably.com: 429
    [ ERROR ] external_links - broken reference to https://ably.com/topic/websockets: 429
  output/realtime/versions/v0.8/encryption/index.html:
    [ ERROR ] external_links - broken reference to https://ably.com: 429
  output/realtime/versions/v0.8/history/index.html:
    [ ERROR ] external_links - broken reference to https://ably.com: 429
  output/realtime/versions/v0.8/index.html:
    [ ERROR ] external_links - broken reference to https://ably.com/documentation/realtime/versions/v0.8: 429
    [ ERROR ] external_links - broken reference to https://ably.com/download: 429
    [ ERROR ] external_links - broken reference to https://ably.com: 429
  output/realtime/versions/v0.8/messages/index.html:
    [ ERROR ] external_links - broken reference to https://ably.com: 429
  output/realtime/versions/v0.8/presence/index.html:
    [ ERROR ] external_links - broken reference to https://ably.com/documentation/realtime/versions/v0.8/presence: 429
    [ ERROR ] external_links - broken reference to https://ably.com: 429
  output/realtime/versions/v0.8/statistics/index.html:
    [ ERROR ] external_links - broken reference to http://www.rubydoc.info/gems/ably/Ably/Models/Stats/ResourceCount: link has moved permanently to 'https://www.rubydoc.info/gems/ably/Ably/Models/Stats/ResourceCount'
    [ ERROR ] external_links - broken reference to http://www.rubydoc.info/gems/ably/Ably/Models/Stats/RequestCount: link has moved permanently to 'https://www.rubydoc.info/gems/ably/Ably/Models/Stats/RequestCount'
    [ ERROR ] external_links - broken reference to http://www.rubydoc.info/gems/ably/Ably/Models/Stats/ConnectionTypes: link has moved permanently to 'https://www.rubydoc.info/gems/ably/Ably/Models/Stats/ConnectionTypes'
    [ ERROR ] external_links - broken reference to http://www.rubydoc.info/gems/ably/Ably/Models/Stats/MessageTraffic: link has moved permanently to 'https://www.rubydoc.info/gems/ably/Ably/Models/Stats/MessageTraffic'
    [ ERROR ] external_links - broken reference to http://www.rubydoc.info/gems/ably/Ably/Models/Stats/MessageTypes: link has moved permanently to 'https://www.rubydoc.info/gems/ably/Ably/Models/Stats/MessageTypes'
    [ ERROR ] external_links - broken reference to https://ably.com: 429
    [ ERROR ] external_links - broken reference to http://www.rubydoc.info/gems/ably/Ably/Models/Stats: link has moved permanently to 'https://www.rubydoc.info/gems/ably/Ably/Models/Stats'
  output/realtime/versions/v0.8/types/index.html:
    [ ERROR ] external_links - broken reference to http://www.rubydoc.info/gems/ably/Ably/Models/Stats/ResourceCount: link has moved permanently to 'https://www.rubydoc.info/gems/ably/Ably/Models/Stats/ResourceCount'
    [ ERROR ] external_links - broken reference to http://www.rubydoc.info/gems/eventmachine/EventMachine/Deferrable: link has moved permanently to 'https://www.rubydoc.info/gems/eventmachine/EventMachine/Deferrable'
    [ ERROR ] external_links - broken reference to http://www.rubydoc.info/gems/ably/Ably/Models/Stats/RequestCount: link has moved permanently to 'https://www.rubydoc.info/gems/ably/Ably/Models/Stats/RequestCount'
    [ ERROR ] external_links - broken reference to http://www.rubydoc.info/gems/ably/Ably/Models/Stats/ConnectionTypes: link has moved permanently to 'https://www.rubydoc.info/gems/ably/Ably/Models/Stats/ConnectionTypes'
    [ ERROR ] external_links - broken reference to https://www.w3.org/TR/html5/browsers.html: link has moved permanently to 'https://html.spec.whatwg.org/multipage/browsers.html'
    [ ERROR ] external_links - broken reference to http://www.rubydoc.info/gems/ably/Ably/Models/Stats/MessageTraffic: link has moved permanently to 'https://www.rubydoc.info/gems/ably/Ably/Models/Stats/MessageTraffic'
    [ ERROR ] external_links - broken reference to https://ably.com/download: 429
    [ ERROR ] external_links - broken reference to https://ably.com/documentation/realtime/versions/v0.8/types: 429
    [ ERROR ] external_links - broken reference to http://www.rubydoc.info/gems/ably/Ably/Models/Stats/MessageTypes: link has moved permanently to 'https://www.rubydoc.info/gems/ably/Ably/Models/Stats/MessageTypes'
    [ ERROR ] external_links - broken reference to https://ably.com: 429
    [ ERROR ] external_links - broken reference to http://www.rubydoc.info/gems/ably/Ably/Models/Stats: link has moved permanently to 'https://www.rubydoc.info/gems/ably/Ably/Models/Stats'
  output/realtime/versions/v0.8/usage/index.html:
    [ ERROR ] external_links - broken reference to http://www.rubydoc.info/gems/ably/Ably/Models/Stats/ResourceCount: link has moved permanently to 'https://www.rubydoc.info/gems/ably/Ably/Models/Stats/ResourceCount'
    [ ERROR ] external_links - broken reference to https://developer.apple.com/library/content/documentation/General/Conceptual/ConcurrencyProgrammingGuide/OperationQueues/OperationQueues.html: link has moved permanently to 'https://developer.apple.com/library/archive/documentation/General/Conceptual/ConcurrencyProgrammingGuide/OperationQueues/OperationQueues.html'
    [ ERROR ] external_links - broken reference to http://www.rubydoc.info/gems/ably/Ably/Models/Stats/RequestCount: link has moved permanently to 'https://www.rubydoc.info/gems/ably/Ably/Models/Stats/RequestCount'
    [ ERROR ] external_links - broken reference to http://www.rubydoc.info/gems/ably/Ably/Models/Stats/ConnectionTypes: link has moved permanently to 'https://www.rubydoc.info/gems/ably/Ably/Models/Stats/ConnectionTypes'
    [ ERROR ] external_links - broken reference to http://www.rubydoc.info/gems/ably/Ably/Models/Stats/MessageTraffic: link has moved permanently to 'https://www.rubydoc.info/gems/ably/Ably/Models/Stats/MessageTraffic'
    [ ERROR ] external_links - broken reference to https://npmjs.org/package/ably: link has moved permanently to 'https://www.npmjs.com/package/ably'
    [ ERROR ] external_links - broken reference to https://ably.com/download: 429
    [ ERROR ] external_links - broken reference to http://www.rubydoc.info/gems/ably/Ably/Models/Stats/MessageTypes: link has moved permanently to 'https://www.rubydoc.info/gems/ably/Ably/Models/Stats/MessageTypes'
    [ ERROR ] external_links - broken reference to https://ably.com: 429
    [ ERROR ] external_links - broken reference to http://www.rubydoc.info/gems/ably/Ably/Models/Stats: link has moved permanently to 'https://www.rubydoc.info/gems/ably/Ably/Models/Stats'
    [ ERROR ] external_links - broken reference to https://cocoapods.org/?q=ably: 500
  output/realtime/versions/v1.0/authentication/index.html:
    [ ERROR ] external_links - broken reference to https://ably.com: 429
    [ ERROR ] external_links - broken reference to http://en.wikipedia.org/wiki/Principle_of_least_privilege: link has moved permanently to 'https://en.wikipedia.org/wiki/Principle_of_least_privilege'
  output/realtime/versions/v1.0/channel-metadata/index.html:
    [ ERROR ] external_links - broken reference to https://ably.com/reactor: link has moved permanently to 'https://ably.com/integrations'
    [ ERROR ] external_links - broken reference to https://ably.com/pricing/enterprise: 429
    [ ERROR ] external_links - broken reference to https://ably.com: 429
  output/realtime/versions/v1.0/channels/index.html:
    [ ERROR ] external_links - broken reference to https://ably.com: 429
  output/realtime/versions/v1.0/connection/index.html:
    [ ERROR ] external_links - broken reference to https://www.w3.org/TR/html5/browsers.html: link has moved permanently to 'https://html.spec.whatwg.org/multipage/browsers.html'
    [ ERROR ] external_links - broken reference to https://ably.com: 429
    [ ERROR ] external_links - broken reference to https://ably.com/topic/websockets: 429
  output/realtime/versions/v1.0/encryption/index.html:
    [ ERROR ] external_links - broken reference to https://ably.com: 429
  output/realtime/versions/v1.0/history/index.html:
    [ ERROR ] external_links - broken reference to https://ably.com: 429
  output/realtime/versions/v1.0/index.html:
    [ ERROR ] external_links - broken reference to https://ably.com/reactor: link has moved permanently to 'https://ably.com/integrations'
    [ ERROR ] external_links - broken reference to https://ably.com/documentation/realtime/versions/v1.0: 404
    [ ERROR ] external_links - broken reference to http://ably.com/adapters: link has moved permanently to 'https://ably.com/adapters'
    [ ERROR ] external_links - broken reference to https://ably.com/download: 429
    [ ERROR ] external_links - broken reference to https://ably.com: 429
    [ ERROR ] external_links - broken reference to https://ably.com/topic/websockets: 429
  output/realtime/versions/v1.0/messages/index.html:
    [ ERROR ] external_links - broken reference to https://ably.com: 429
  output/realtime/versions/v1.0/presence/index.html:
    [ ERROR ] external_links - broken reference to https://ably.com/documentation/realtime/versions/v1.0/presence: 429
    [ ERROR ] external_links - broken reference to https://ably.com: 429
  output/realtime/versions/v1.0/statistics/index.html:
    [ ERROR ] external_links - broken reference to http://www.rubydoc.info/gems/ably/Ably/Models/Stats/ResourceCount: link has moved permanently to 'https://www.rubydoc.info/gems/ably/Ably/Models/Stats/ResourceCount'
    [ ERROR ] external_links - broken reference to http://www.rubydoc.info/gems/ably/Ably/Models/Stats/RequestCount: link has moved permanently to 'https://www.rubydoc.info/gems/ably/Ably/Models/Stats/RequestCount'
    [ ERROR ] external_links - broken reference to http://www.rubydoc.info/gems/ably/Ably/Models/Stats/ConnectionTypes: link has moved permanently to 'https://www.rubydoc.info/gems/ably/Ably/Models/Stats/ConnectionTypes'
    [ ERROR ] external_links - broken reference to http://www.rubydoc.info/gems/ably/Ably/Models/Stats/MessageTraffic: link has moved permanently to 'https://www.rubydoc.info/gems/ably/Ably/Models/Stats/MessageTraffic'
    [ ERROR ] external_links - broken reference to http://www.rubydoc.info/gems/ably/Ably/Models/Stats/MessageTypes: link has moved permanently to 'https://www.rubydoc.info/gems/ably/Ably/Models/Stats/MessageTypes'
    [ ERROR ] external_links - broken reference to https://ably.com: 429
    [ ERROR ] external_links - broken reference to http://www.rubydoc.info/gems/ably/Ably/Models/Stats: link has moved permanently to 'https://www.rubydoc.info/gems/ably/Ably/Models/Stats'
  output/realtime/versions/v1.0/types/index.html:
    [ ERROR ] external_links - broken reference to http://www.rubydoc.info/gems/ably/Ably/Models/Stats/ResourceCount: link has moved permanently to 'https://www.rubydoc.info/gems/ably/Ably/Models/Stats/ResourceCount'
    [ ERROR ] external_links - broken reference to http://www.rubydoc.info/gems/eventmachine/EventMachine/Deferrable: link has moved permanently to 'https://www.rubydoc.info/gems/eventmachine/EventMachine/Deferrable'
    [ ERROR ] external_links - broken reference to http://www.rubydoc.info/gems/ably/Ably/Models/Stats/RequestCount: link has moved permanently to 'https://www.rubydoc.info/gems/ably/Ably/Models/Stats/RequestCount'
    [ ERROR ] external_links - broken reference to http://www.rubydoc.info/gems/ably/Ably/Models/Stats/ConnectionTypes: link has moved permanently to 'https://www.rubydoc.info/gems/ably/Ably/Models/Stats/ConnectionTypes'
    [ ERROR ] external_links - broken reference to https://www.w3.org/TR/html5/browsers.html: link has moved permanently to 'https://html.spec.whatwg.org/multipage/browsers.html'
    [ ERROR ] external_links - broken reference to http://www.rubydoc.info/gems/ably/Ably/Models/Stats/MessageTraffic: link has moved permanently to 'https://www.rubydoc.info/gems/ably/Ably/Models/Stats/MessageTraffic'
    [ ERROR ] external_links - broken reference to https://ably.com/download: 429
    [ ERROR ] external_links - broken reference to http://www.rubydoc.info/gems/ably/Ably/Models/Stats/MessageTypes: link has moved permanently to 'https://www.rubydoc.info/gems/ably/Ably/Models/Stats/MessageTypes'
    [ ERROR ] external_links - broken reference to https://ably.com: 429
    [ ERROR ] external_links - broken reference to http://www.rubydoc.info/gems/ably/Ably/Models/Stats: link has moved permanently to 'https://www.rubydoc.info/gems/ably/Ably/Models/Stats'
  output/realtime/versions/v1.0/usage/index.html:
    [ ERROR ] external_links - broken reference to http://www.rubydoc.info/gems/ably/Ably/Models/Stats/ResourceCount: link has moved permanently to 'https://www.rubydoc.info/gems/ably/Ably/Models/Stats/ResourceCount'
    [ ERROR ] external_links - broken reference to http://www.rubydoc.info/gems/ably/Ably/Models/Stats/RequestCount: link has moved permanently to 'https://www.rubydoc.info/gems/ably/Ably/Models/Stats/RequestCount'
    [ ERROR ] external_links - broken reference to http://www.rubydoc.info/gems/ably/Ably/Models/Stats/ConnectionTypes: link has moved permanently to 'https://www.rubydoc.info/gems/ably/Ably/Models/Stats/ConnectionTypes'
    [ ERROR ] external_links - broken reference to http://www.rubydoc.info/gems/ably/Ably/Models/Stats/MessageTraffic: link has moved permanently to 'https://www.rubydoc.info/gems/ably/Ably/Models/Stats/MessageTraffic'
    [ ERROR ] external_links - broken reference to https://npmjs.org/package/ably: link has moved permanently to 'https://www.npmjs.com/package/ably'
    [ ERROR ] external_links - broken reference to https://ably.com/download: 429
    [ ERROR ] external_links - broken reference to https://ably.com/documentation/realtime/versions/v1.0/usage: 429
    [ ERROR ] external_links - broken reference to http://www.rubydoc.info/gems/ably/Ably/Models/Stats/MessageTypes: link has moved permanently to 'https://www.rubydoc.info/gems/ably/Ably/Models/Stats/MessageTypes'
    [ ERROR ] external_links - broken reference to https://ably.com: 429
    [ ERROR ] external_links - broken reference to http://www.rubydoc.info/gems/ably/Ably/Models/Stats: link has moved permanently to 'https://www.rubydoc.info/gems/ably/Ably/Models/Stats'
    [ ERROR ] external_links - broken reference to https://cocoapods.org/?q=ably: 500
  output/realtime/versions/v1.1/authentication/index.html:
    [ ERROR ] external_links - broken reference to https://ably.com: 429
    [ ERROR ] external_links - broken reference to https://ably.com/documentation/realtime/versions/v1.1/authentication: 429
    [ ERROR ] external_links - broken reference to http://en.wikipedia.org/wiki/Principle_of_least_privilege: link has moved permanently to 'https://en.wikipedia.org/wiki/Principle_of_least_privilege'
    [ ERROR ] external_links - broken reference to https://ably.com/documentation/core-features/authentication: 429
  output/realtime/versions/v1.1/channel-metadata/index.html:
    [ ERROR ] external_links - broken reference to https://ably.com/reactor: link has moved permanently to 'https://ably.com/integrations'
    [ ERROR ] external_links - broken reference to https://ably.com/pricing/enterprise: 429
    [ ERROR ] external_links - broken reference to https://ably.com: 429
  output/realtime/versions/v1.1/channel-params/index.html:
    [ ERROR ] external_links - broken reference to https://ably.com: 429
  output/realtime/versions/v1.1/channels/index.html:
    [ ERROR ] external_links - broken reference to https://ably.com/adapters: link has moved permanently to 'https://ably.com/protocols'
    [ ERROR ] external_links - broken reference to https://ably.com/download: 429
    [ ERROR ] external_links - broken reference to https://ably.com: 429
    [ ERROR ] external_links - broken reference to https://ably.com/documentation/realtime/versions/v1.1/channels: 429
  output/realtime/versions/v1.1/connection/index.html:
    [ ERROR ] external_links - broken reference to https://www.w3.org/TR/html5/browsers.html: link has moved permanently to 'https://html.spec.whatwg.org/multipage/browsers.html'
    [ ERROR ] external_links - broken reference to https://ably.com/documentation/realtime/versions/v1.1/connection: 429
    [ ERROR ] external_links - broken reference to https://ably.com: 429
    [ ERROR ] external_links - broken reference to https://ably.com/topic/websockets: 429
  output/realtime/versions/v1.1/encryption/index.html:
    [ ERROR ] external_links - broken reference to https://ably.com/documentation/realtime/versions/v1.1/encryption: 429
    [ ERROR ] external_links - broken reference to https://ably.com: 429
  output/realtime/versions/v1.1/history/index.html:
    [ ERROR ] external_links - broken reference to https://ably.com/adapters: link has moved permanently to 'https://ably.com/protocols'
    [ ERROR ] external_links - broken reference to https://ably.com: 429
  output/realtime/versions/v1.1/index.html:
    [ ERROR ] external_links - broken reference to https://ably.com/reactor: link has moved permanently to 'https://ably.com/integrations'
    [ ERROR ] external_links - broken reference to https://ably.com/documentation/realtime/versions/v1.1: 404
    [ ERROR ] external_links - broken reference to http://ably.com/adapters: link has moved permanently to 'https://ably.com/adapters'
    [ ERROR ] external_links - broken reference to https://ably.com/download: 429
    [ ERROR ] external_links - broken reference to https://ably.com: 429
    [ ERROR ] external_links - broken reference to https://ably.com/topic/websockets: 429
  output/realtime/versions/v1.1/messages/index.html:
    [ ERROR ] external_links - broken reference to https://ably.com: 429
    [ ERROR ] external_links - broken reference to https://ably.com/documentation/realtime/versions/v1.1/messages: 429
  output/realtime/versions/v1.1/presence/index.html:
    [ ERROR ] external_links - broken reference to https://ably.com/documentation/realtime/versions/v1.1/presence: 429
    [ ERROR ] external_links - broken reference to https://ably.com: 429
  output/realtime/versions/v1.1/push/index.html:
    [ ERROR ] external_links - broken reference to https://developer.android.com/reference/android/support/v4/content/LocalBroadcastManager: too many redirects
    [ ERROR ] external_links - broken reference to https://ably.com: 429
    [ ERROR ] external_links - broken reference to https://ably.com/documentation/realtime/versions/v1.1/push: 429
  output/realtime/versions/v1.1/statistics/index.html:
    [ ERROR ] external_links - broken reference to http://www.rubydoc.info/gems/ably/Ably/Models/Stats/ResourceCount: link has moved permanently to 'https://www.rubydoc.info/gems/ably/Ably/Models/Stats/ResourceCount'
    [ ERROR ] external_links - broken reference to http://www.rubydoc.info/gems/ably/Ably/Models/Stats/RequestCount: link has moved permanently to 'https://www.rubydoc.info/gems/ably/Ably/Models/Stats/RequestCount'
    [ ERROR ] external_links - broken reference to http://www.rubydoc.info/gems/ably/Ably/Models/Stats/ConnectionTypes: link has moved permanently to 'https://www.rubydoc.info/gems/ably/Ably/Models/Stats/ConnectionTypes'
    [ ERROR ] external_links - broken reference to http://www.rubydoc.info/gems/ably/Ably/Models/Stats/MessageTraffic: link has moved permanently to 'https://www.rubydoc.info/gems/ably/Ably/Models/Stats/MessageTraffic'
    [ ERROR ] external_links - broken reference to http://www.rubydoc.info/gems/ably/Ably/Models/Stats/MessageTypes: link has moved permanently to 'https://www.rubydoc.info/gems/ably/Ably/Models/Stats/MessageTypes'
    [ ERROR ] external_links - broken reference to https://ably.com: 429
    [ ERROR ] external_links - broken reference to http://www.rubydoc.info/gems/ably/Ably/Models/Stats: link has moved permanently to 'https://www.rubydoc.info/gems/ably/Ably/Models/Stats'
    [ ERROR ] external_links - broken reference to https://ably.com/documentation/realtime/versions/v1.1/statistics: 429
  output/realtime/versions/v1.1/types/index.html:
    [ ERROR ] external_links - broken reference to http://www.rubydoc.info/gems/ably/Ably/Models/Stats/ResourceCount: link has moved permanently to 'https://www.rubydoc.info/gems/ably/Ably/Models/Stats/ResourceCount'
    [ ERROR ] external_links - broken reference to http://www.rubydoc.info/gems/eventmachine/EventMachine/Deferrable: link has moved permanently to 'https://www.rubydoc.info/gems/eventmachine/EventMachine/Deferrable'
    [ ERROR ] external_links - broken reference to http://www.rubydoc.info/gems/ably/Ably/Models/Stats/RequestCount: link has moved permanently to 'https://www.rubydoc.info/gems/ably/Ably/Models/Stats/RequestCount'
    [ ERROR ] external_links - broken reference to http://www.rubydoc.info/gems/ably/Ably/Models/Stats/ConnectionTypes: link has moved permanently to 'https://www.rubydoc.info/gems/ably/Ably/Models/Stats/ConnectionTypes'
    [ ERROR ] external_links - broken reference to https://www.w3.org/TR/html5/browsers.html: link has moved permanently to 'https://html.spec.whatwg.org/multipage/browsers.html'
    [ ERROR ] external_links - broken reference to http://www.rubydoc.info/gems/ably/Ably/Models/Stats/MessageTraffic: link has moved permanently to 'https://www.rubydoc.info/gems/ably/Ably/Models/Stats/MessageTraffic'
    [ ERROR ] external_links - broken reference to https://ably.com/download: 429
    [ ERROR ] external_links - broken reference to http://www.rubydoc.info/gems/ably/Ably/Models/Stats/MessageTypes: link has moved permanently to 'https://www.rubydoc.info/gems/ably/Ably/Models/Stats/MessageTypes'
    [ ERROR ] external_links - broken reference to https://ably.com: 429
    [ ERROR ] external_links - broken reference to http://www.rubydoc.info/gems/ably/Ably/Models/Stats: link has moved permanently to 'https://www.rubydoc.info/gems/ably/Ably/Models/Stats'
    [ ERROR ] external_links - broken reference to https://ably.com/documentation/core-features/authentication: 429
  output/realtime/versions/v1.1/usage/index.html:
    [ ERROR ] external_links - broken reference to http://www.rubydoc.info/gems/ably/Ably/Models/Stats/ResourceCount: link has moved permanently to 'https://www.rubydoc.info/gems/ably/Ably/Models/Stats/ResourceCount'
    [ ERROR ] external_links - broken reference to https://cocoapods.org/pods/Ably: 500
    [ ERROR ] external_links - broken reference to http://www.rubydoc.info/gems/ably/Ably/Models/Stats/RequestCount: link has moved permanently to 'https://www.rubydoc.info/gems/ably/Ably/Models/Stats/RequestCount'
    [ ERROR ] external_links - broken reference to http://www.rubydoc.info/gems/ably/Ably/Models/Stats/ConnectionTypes: link has moved permanently to 'https://www.rubydoc.info/gems/ably/Ably/Models/Stats/ConnectionTypes'
    [ ERROR ] external_links - broken reference to http://semver.org/: link has moved permanently to 'https://semver.org/'
    [ ERROR ] external_links - broken reference to http://www.rubydoc.info/gems/ably/Ably/Models/Stats/MessageTraffic: link has moved permanently to 'https://www.rubydoc.info/gems/ably/Ably/Models/Stats/MessageTraffic'
    [ ERROR ] external_links - broken reference to https://npmjs.org/package/ably: link has moved permanently to 'https://www.npmjs.com/package/ably'
    [ ERROR ] external_links - broken reference to https://ably.com/download: 429
    [ ERROR ] external_links - broken reference to http://www.rubydoc.info/gems/ably/Ably/Models/Stats/MessageTypes: link has moved permanently to 'https://www.rubydoc.info/gems/ably/Ably/Models/Stats/MessageTypes'
    [ ERROR ] external_links - broken reference to https://ably.com: 429
    [ ERROR ] external_links - broken reference to https://ably.com/documentation/realtime/versions/v1.1/usage: 429
    [ ERROR ] external_links - broken reference to http://www.rubydoc.info/gems/ably/Ably/Models/Stats: link has moved permanently to 'https://www.rubydoc.info/gems/ably/Ably/Models/Stats'
    [ ERROR ] external_links - broken reference to https://ably.com/documentation/core-features/authentication: 429
  output/rest-api/beta/index.html:
    [ ERROR ] external_links - broken reference to https://ably.com: 429
  output/rest-api/index.html:
    [ ERROR ] external_links - broken reference to http://en.wikipedia.org/wiki/HATEOAS: link has moved permanently to 'https://en.wikipedia.org/wiki/HATEOAS'
    [ ERROR ] external_links - broken reference to http://en.wikipedia.org/wiki/Representational_State_Transfer: link has moved permanently to 'https://en.wikipedia.org/wiki/Representational_State_Transfer'
    [ ERROR ] external_links - broken reference to https://ably.com/download: 429
    [ ERROR ] external_links - broken reference to http://msgpack.org/: link has moved permanently to 'https://msgpack.org/'
    [ ERROR ] external_links - broken reference to http://en.wikipedia.org/wiki/List_of_HTTP_status_codes: link has moved permanently to 'https://en.wikipedia.org/wiki/List_of_HTTP_status_codes'
    [ ERROR ] external_links - broken reference to http://www.ietf.org/rfc/rfc4648.txt: link has moved permanently to 'https://www.ietf.org/rfc/rfc4648.txt'
    [ ERROR ] external_links - broken reference to https://ably.com: 429
    [ ERROR ] external_links - broken reference to http://tools.ietf.org/html/rfc5988: link has moved permanently to 'https://tools.ietf.org/html/rfc5988'
  output/rest-api/token-request-spec/index.html:
    [ ERROR ] external_links - broken reference to http://tools.ietf.org/html/rfc4868: link has moved permanently to 'https://tools.ietf.org/html/rfc4868'
    [ ERROR ] external_links - broken reference to https://ably.com/download/: 429
    [ ERROR ] external_links - broken reference to https://ably.com: 429
  output/rest-api/versions/v0.8/index.html:
    [ ERROR ] external_links - broken reference to http://en.wikipedia.org/wiki/HATEOAS: link has moved permanently to 'https://en.wikipedia.org/wiki/HATEOAS'
    [ ERROR ] external_links - broken reference to http://en.wikipedia.org/wiki/Representational_State_Transfer: link has moved permanently to 'https://en.wikipedia.org/wiki/Representational_State_Transfer'
    [ ERROR ] external_links - broken reference to https://ably.com/download: 429
    [ ERROR ] external_links - broken reference to http://msgpack.org/: link has moved permanently to 'https://msgpack.org/'
    [ ERROR ] external_links - broken reference to http://en.wikipedia.org/wiki/List_of_HTTP_status_codes: link has moved permanently to 'https://en.wikipedia.org/wiki/List_of_HTTP_status_codes'
    [ ERROR ] external_links - broken reference to http://www.ietf.org/rfc/rfc4648.txt: link has moved permanently to 'https://www.ietf.org/rfc/rfc4648.txt'
    [ ERROR ] external_links - broken reference to https://ably.com: 429
    [ ERROR ] external_links - broken reference to https://ably.com/documentation/rest-api/versions/v0.8: 429
    [ ERROR ] external_links - broken reference to http://tools.ietf.org/html/rfc5988: link has moved permanently to 'https://tools.ietf.org/html/rfc5988'
  output/rest-api/versions/v1.0/index.html:
    [ ERROR ] external_links - broken reference to http://en.wikipedia.org/wiki/HATEOAS: link has moved permanently to 'https://en.wikipedia.org/wiki/HATEOAS'
    [ ERROR ] external_links - broken reference to https://ably.com/documentation/rest-api/versions/v1.0: 404
    [ ERROR ] external_links - broken reference to http://en.wikipedia.org/wiki/Representational_State_Transfer: link has moved permanently to 'https://en.wikipedia.org/wiki/Representational_State_Transfer'
    [ ERROR ] external_links - broken reference to https://ably.com/download: 429
    [ ERROR ] external_links - broken reference to http://msgpack.org/: link has moved permanently to 'https://msgpack.org/'
    [ ERROR ] external_links - broken reference to https://ably.com/pricing/enterprise: 429
    [ ERROR ] external_links - broken reference to http://en.wikipedia.org/wiki/List_of_HTTP_status_codes: link has moved permanently to 'https://en.wikipedia.org/wiki/List_of_HTTP_status_codes'
    [ ERROR ] external_links - broken reference to http://www.ietf.org/rfc/rfc4648.txt: link has moved permanently to 'https://www.ietf.org/rfc/rfc4648.txt'
    [ ERROR ] external_links - broken reference to https://ably.com: 429
    [ ERROR ] external_links - broken reference to http://tools.ietf.org/html/rfc5988: link has moved permanently to 'https://tools.ietf.org/html/rfc5988'
  output/rest-api/versions/v1.0/token-request-spec/index.html:
    [ ERROR ] external_links - broken reference to http://tools.ietf.org/html/rfc4868: link has moved permanently to 'https://tools.ietf.org/html/rfc4868'
    [ ERROR ] external_links - broken reference to https://ably.com/documentation/rest-api/versions/v1.0/token-request-spec: 429
    [ ERROR ] external_links - broken reference to https://ably.com/download/: 429
    [ ERROR ] external_links - broken reference to https://ably.com: 429
  output/rest-api/versions/v1.1/beta/index.html:
    [ ERROR ] external_links - broken reference to https://ably.com: 429
  output/rest-api/versions/v1.1/index.html:
    [ ERROR ] external_links - broken reference to http://en.wikipedia.org/wiki/HATEOAS: link has moved permanently to 'https://en.wikipedia.org/wiki/HATEOAS'
    [ ERROR ] external_links - broken reference to http://en.wikipedia.org/wiki/Representational_State_Transfer: link has moved permanently to 'https://en.wikipedia.org/wiki/Representational_State_Transfer'
    [ ERROR ] external_links - broken reference to https://ably.com/download: 429
    [ ERROR ] external_links - broken reference to http://msgpack.org/: link has moved permanently to 'https://msgpack.org/'
    [ ERROR ] external_links - broken reference to https://ably.com/documentation/rest-api/versions/v1.1: 429
    [ ERROR ] external_links - broken reference to http://en.wikipedia.org/wiki/List_of_HTTP_status_codes: link has moved permanently to 'https://en.wikipedia.org/wiki/List_of_HTTP_status_codes'
    [ ERROR ] external_links - broken reference to http://www.ietf.org/rfc/rfc4648.txt: link has moved permanently to 'https://www.ietf.org/rfc/rfc4648.txt'
    [ ERROR ] external_links - broken reference to https://ably.com: 429
    [ ERROR ] external_links - broken reference to http://tools.ietf.org/html/rfc5988: link has moved permanently to 'https://tools.ietf.org/html/rfc5988'
  output/rest-api/versions/v1.1/token-request-spec/index.html:
    [ ERROR ] external_links - broken reference to http://tools.ietf.org/html/rfc4868: link has moved permanently to 'https://tools.ietf.org/html/rfc4868'
    [ ERROR ] external_links - broken reference to https://ably.com/download/: 429
    [ ERROR ] external_links - broken reference to https://ably.com: 429
  output/rest/authentication/index.html:
    [ ERROR ] external_links - broken reference to https://ably.com: 429
    [ ERROR ] external_links - broken reference to http://en.wikipedia.org/wiki/Principle_of_least_privilege: link has moved permanently to 'https://en.wikipedia.org/wiki/Principle_of_least_privilege'
    [ ERROR ] external_links - broken reference to https://ably.com/documentation/core-features/authentication: 429
  output/rest/channel-status/index.html:
    [ ERROR ] external_links - broken reference to https://ably.com: 429
  output/rest/channels/index.html:
    [ ERROR ] external_links - broken reference to https://ably.com/blog/channel-rewind/: link has moved permanently to 'https://ably.com/blog/channel-rewind'
    [ ERROR ] external_links - broken reference to https://ably.com/documentation/rest/channels: 429
    [ ERROR ] external_links - broken reference to https://ably.com: 429
  output/rest/encryption/index.html:
    [ ERROR ] external_links - broken reference to https://ably.com: 429
    [ ERROR ] external_links - broken reference to https://ably.com/documentation/rest/encryption: 429
  output/rest/history/index.html:
    [ ERROR ] external_links - broken reference to https://ably.com: 429
  output/rest/index.html:
    [ ERROR ] external_links - broken reference to http://ably.com/adapters: link has moved permanently to 'https://ably.com/adapters'
    [ ERROR ] external_links - broken reference to https://ably.com/download: 429
    [ ERROR ] external_links - broken reference to https://ably.com/documentation/rest: 429
    [ ERROR ] external_links - broken reference to https://ably.com: 429
  output/rest/messages/index.html:
    [ ERROR ] external_links - broken reference to https://ably.com/documentation/rest/messages: 429
    [ ERROR ] external_links - broken reference to https://ably.com: 429
    [ ERROR ] external_links - broken reference to https://ably.com/topic/idempotency: 429
  output/rest/presence/index.html:
    [ ERROR ] external_links - broken reference to https://ably.com: 429
  output/rest/push/index.html:
    [ ERROR ] external_links - broken reference to https://ably.com: 429
  output/rest/statistics/index.html:
    [ ERROR ] external_links - broken reference to http://www.rubydoc.info/gems/ably/Ably/Models/Stats/ResourceCount: link has moved permanently to 'https://www.rubydoc.info/gems/ably/Ably/Models/Stats/ResourceCount'
    [ ERROR ] external_links - broken reference to http://www.rubydoc.info/gems/ably/Ably/Models/Stats/RequestCount: link has moved permanently to 'https://www.rubydoc.info/gems/ably/Ably/Models/Stats/RequestCount'
    [ ERROR ] external_links - broken reference to http://www.rubydoc.info/gems/ably/Ably/Models/Stats/ConnectionTypes: link has moved permanently to 'https://www.rubydoc.info/gems/ably/Ably/Models/Stats/ConnectionTypes'
    [ ERROR ] external_links - broken reference to http://www.rubydoc.info/gems/ably/Ably/Models/Stats/MessageTraffic: link has moved permanently to 'https://www.rubydoc.info/gems/ably/Ably/Models/Stats/MessageTraffic'
    [ ERROR ] external_links - broken reference to http://www.rubydoc.info/gems/ably/Ably/Models/Stats/MessageTypes: link has moved permanently to 'https://www.rubydoc.info/gems/ably/Ably/Models/Stats/MessageTypes'
    [ ERROR ] external_links - broken reference to https://ably.com: 429
    [ ERROR ] external_links - broken reference to http://www.rubydoc.info/gems/ably/Ably/Models/Stats: link has moved permanently to 'https://www.rubydoc.info/gems/ably/Ably/Models/Stats'
  output/rest/types/index.html:
    [ ERROR ] external_links - broken reference to http://www.rubydoc.info/gems/ably/Ably/Models/Stats/ResourceCount: link has moved permanently to 'https://www.rubydoc.info/gems/ably/Ably/Models/Stats/ResourceCount'
    [ ERROR ] external_links - broken reference to http://www.rubydoc.info/gems/ably/Ably/Models/Stats/RequestCount: link has moved permanently to 'https://www.rubydoc.info/gems/ably/Ably/Models/Stats/RequestCount'
    [ ERROR ] external_links - broken reference to http://www.rubydoc.info/gems/ably/Ably/Models/Stats/ConnectionTypes: link has moved permanently to 'https://www.rubydoc.info/gems/ably/Ably/Models/Stats/ConnectionTypes'
    [ ERROR ] external_links - broken reference to http://www.rubydoc.info/gems/ably/Ably/Models/Stats/MessageTraffic: link has moved permanently to 'https://www.rubydoc.info/gems/ably/Ably/Models/Stats/MessageTraffic'
    [ ERROR ] external_links - broken reference to https://ably.com/download: 429
    [ ERROR ] external_links - broken reference to http://www.rubydoc.info/gems/ably/Ably/Models/Stats/MessageTypes: link has moved permanently to 'https://www.rubydoc.info/gems/ably/Ably/Models/Stats/MessageTypes'
    [ ERROR ] external_links - broken reference to https://ably.com: 429
    [ ERROR ] external_links - broken reference to http://www.rubydoc.info/gems/ably/Ably/Models/Stats: link has moved permanently to 'https://www.rubydoc.info/gems/ably/Ably/Models/Stats'
    [ ERROR ] external_links - broken reference to https://ably.com/documentation/core-features/authentication: 429
  output/rest/usage/index.html:
    [ ERROR ] external_links - broken reference to https://pypi.python.org/pypi/ably: link has moved permanently to 'https://pypi.org/pypi/ably'
    [ ERROR ] external_links - broken reference to http://www.rubydoc.info/gems/ably/Ably/Models/Stats/ResourceCount: link has moved permanently to 'https://www.rubydoc.info/gems/ably/Ably/Models/Stats/ResourceCount'
    [ ERROR ] external_links - broken reference to https://cocoapods.org/pods/Ably: 500
    [ ERROR ] external_links - broken reference to http://www.rubydoc.info/gems/ably/Ably/Models/Stats/RequestCount: link has moved permanently to 'https://www.rubydoc.info/gems/ably/Ably/Models/Stats/RequestCount'
    [ ERROR ] external_links - broken reference to http://www.rubydoc.info/gems/ably/Ably/Models/Stats/ConnectionTypes: link has moved permanently to 'https://www.rubydoc.info/gems/ably/Ably/Models/Stats/ConnectionTypes'
    [ ERROR ] external_links - broken reference to http://www.rubydoc.info/gems/ably/Ably/Models/Stats/MessageTraffic: link has moved permanently to 'https://www.rubydoc.info/gems/ably/Ably/Models/Stats/MessageTraffic'
    [ ERROR ] external_links - broken reference to https://npmjs.org/package/ably: link has moved permanently to 'https://www.npmjs.com/package/ably'
    [ ERROR ] external_links - broken reference to https://ably.com/download: 429
    [ ERROR ] external_links - broken reference to https://ably.com/documentation/rest/usage: 429
    [ ERROR ] external_links - broken reference to http://www.rubydoc.info/gems/ably/Ably/Models/Stats/MessageTypes: link has moved permanently to 'https://www.rubydoc.info/gems/ably/Ably/Models/Stats/MessageTypes'
    [ ERROR ] external_links - broken reference to https://ably.com: 429
    [ ERROR ] external_links - broken reference to http://www.rubydoc.info/gems/ably/Ably/Models/Stats: link has moved permanently to 'https://www.rubydoc.info/gems/ably/Ably/Models/Stats'
    [ ERROR ] external_links - broken reference to https://ably.com/documentation/core-features/authentication: 429
  output/rest/versions/v0.8/authentication/index.html:
    [ ERROR ] external_links - broken reference to https://ably.com: 429
  output/rest/versions/v0.8/channels/index.html:
    [ ERROR ] external_links - broken reference to https://ably.com: 429
  output/rest/versions/v0.8/encryption/index.html:
    [ ERROR ] external_links - broken reference to https://ably.com: 429
  output/rest/versions/v0.8/history/index.html:
    [ ERROR ] external_links - broken reference to https://ably.com: 429
    [ ERROR ] external_links - broken reference to https://ably.com/documentation/rest/versions/v0.8/history: 429
  output/rest/versions/v0.8/index.html:
    [ ERROR ] external_links - broken reference to https://ably.com/download: 429
    [ ERROR ] external_links - broken reference to https://ably.com: 429
    [ ERROR ] external_links - broken reference to https://ably.com/documentation/rest/versions/v0.8: 429
  output/rest/versions/v0.8/messages/index.html:
    [ ERROR ] external_links - broken reference to https://ably.com/documentation/rest/versions/v0.8/messages: 429
    [ ERROR ] external_links - broken reference to https://ably.com: 429
  output/rest/versions/v0.8/presence/index.html:
    [ ERROR ] external_links - broken reference to https://ably.com/documentation/rest/versions/v0.8/presence: 429
    [ ERROR ] external_links - broken reference to https://ably.com: 429
  output/rest/versions/v0.8/statistics/index.html:
    [ ERROR ] external_links - broken reference to http://www.rubydoc.info/gems/ably/Ably/Models/Stats/ResourceCount: link has moved permanently to 'https://www.rubydoc.info/gems/ably/Ably/Models/Stats/ResourceCount'
    [ ERROR ] external_links - broken reference to http://www.rubydoc.info/gems/ably/Ably/Models/Stats/RequestCount: link has moved permanently to 'https://www.rubydoc.info/gems/ably/Ably/Models/Stats/RequestCount'
    [ ERROR ] external_links - broken reference to http://www.rubydoc.info/gems/ably/Ably/Models/Stats/ConnectionTypes: link has moved permanently to 'https://www.rubydoc.info/gems/ably/Ably/Models/Stats/ConnectionTypes'
    [ ERROR ] external_links - broken reference to http://www.rubydoc.info/gems/ably/Ably/Models/Stats/MessageTraffic: link has moved permanently to 'https://www.rubydoc.info/gems/ably/Ably/Models/Stats/MessageTraffic'
    [ ERROR ] external_links - broken reference to https://ably.com/documentation/rest/versions/v0.8/statistics: 429
    [ ERROR ] external_links - broken reference to http://www.rubydoc.info/gems/ably/Ably/Models/Stats/MessageTypes: link has moved permanently to 'https://www.rubydoc.info/gems/ably/Ably/Models/Stats/MessageTypes'
    [ ERROR ] external_links - broken reference to https://ably.com: 429
    [ ERROR ] external_links - broken reference to http://www.rubydoc.info/gems/ably/Ably/Models/Stats: link has moved permanently to 'https://www.rubydoc.info/gems/ably/Ably/Models/Stats'
  output/rest/versions/v0.8/types/index.html:
    [ ERROR ] external_links - broken reference to http://www.rubydoc.info/gems/ably/Ably/Models/Stats/ResourceCount: link has moved permanently to 'https://www.rubydoc.info/gems/ably/Ably/Models/Stats/ResourceCount'
    [ ERROR ] external_links - broken reference to http://www.rubydoc.info/gems/ably/Ably/Models/Stats/RequestCount: link has moved permanently to 'https://www.rubydoc.info/gems/ably/Ably/Models/Stats/RequestCount'
    [ ERROR ] external_links - broken reference to http://www.rubydoc.info/gems/ably/Ably/Models/Stats/ConnectionTypes: link has moved permanently to 'https://www.rubydoc.info/gems/ably/Ably/Models/Stats/ConnectionTypes'
    [ ERROR ] external_links - broken reference to http://www.rubydoc.info/gems/ably/Ably/Models/Stats/MessageTraffic: link has moved permanently to 'https://www.rubydoc.info/gems/ably/Ably/Models/Stats/MessageTraffic'
    [ ERROR ] external_links - broken reference to https://ably.com/download: 429
    [ ERROR ] external_links - broken reference to http://www.rubydoc.info/gems/ably/Ably/Models/Stats/MessageTypes: link has moved permanently to 'https://www.rubydoc.info/gems/ably/Ably/Models/Stats/MessageTypes'
    [ ERROR ] external_links - broken reference to https://ably.com: 429
    [ ERROR ] external_links - broken reference to http://www.rubydoc.info/gems/ably/Ably/Models/Stats: link has moved permanently to 'https://www.rubydoc.info/gems/ably/Ably/Models/Stats'
  output/rest/versions/v0.8/usage/index.html:
    [ ERROR ] external_links - broken reference to https://pypi.python.org/pypi/ably: link has moved permanently to 'https://pypi.org/pypi/ably'
    [ ERROR ] external_links - broken reference to http://www.rubydoc.info/gems/ably/Ably/Models/Stats/ResourceCount: link has moved permanently to 'https://www.rubydoc.info/gems/ably/Ably/Models/Stats/ResourceCount'
    [ ERROR ] external_links - broken reference to http://www.rubydoc.info/gems/ably/Ably/Models/Stats/RequestCount: link has moved permanently to 'https://www.rubydoc.info/gems/ably/Ably/Models/Stats/RequestCount'
    [ ERROR ] external_links - broken reference to http://www.rubydoc.info/gems/ably/Ably/Models/Stats/ConnectionTypes: link has moved permanently to 'https://www.rubydoc.info/gems/ably/Ably/Models/Stats/ConnectionTypes'
    [ ERROR ] external_links - broken reference to http://www.rubydoc.info/gems/ably/Ably/Models/Stats/MessageTraffic: link has moved permanently to 'https://www.rubydoc.info/gems/ably/Ably/Models/Stats/MessageTraffic'
    [ ERROR ] external_links - broken reference to https://npmjs.org/package/ably: link has moved permanently to 'https://www.npmjs.com/package/ably'
    [ ERROR ] external_links - broken reference to https://ably.com/download: 429
    [ ERROR ] external_links - broken reference to https://cocoapods.org/?q=AblyRealtime: 500
    [ ERROR ] external_links - broken reference to http://www.rubydoc.info/gems/ably/Ably/Models/Stats/MessageTypes: link has moved permanently to 'https://www.rubydoc.info/gems/ably/Ably/Models/Stats/MessageTypes'
    [ ERROR ] external_links - broken reference to https://ably.com: 429
    [ ERROR ] external_links - broken reference to http://www.rubydoc.info/gems/ably/Ably/Models/Stats: link has moved permanently to 'https://www.rubydoc.info/gems/ably/Ably/Models/Stats'
  output/rest/versions/v1.0/authentication/index.html:
    [ ERROR ] external_links - broken reference to https://ably.com: 429
    [ ERROR ] external_links - broken reference to http://en.wikipedia.org/wiki/Principle_of_least_privilege: link has moved permanently to 'https://en.wikipedia.org/wiki/Principle_of_least_privilege'
  output/rest/versions/v1.0/channel-status/index.html:
    [ ERROR ] external_links - broken reference to https://ably.com: 429
  output/rest/versions/v1.0/channels/index.html:
    [ ERROR ] external_links - broken reference to https://ably.com/documentation/rest/versions/v1.0/channels: 429
    [ ERROR ] external_links - broken reference to https://ably.com: 429
  output/rest/versions/v1.0/encryption/index.html:
    [ ERROR ] external_links - broken reference to https://ably.com: 429
  output/rest/versions/v1.0/history/index.html:
    [ ERROR ] external_links - broken reference to https://ably.com: 429
  output/rest/versions/v1.0/index.html:
    [ ERROR ] external_links - broken reference to https://ably.com/documentation/rest/versions/v1.0: 404
    [ ERROR ] external_links - broken reference to http://ably.com/adapters: link has moved permanently to 'https://ably.com/adapters'
    [ ERROR ] external_links - broken reference to https://ably.com/download: 429
    [ ERROR ] external_links - broken reference to https://ably.com: 429
  output/rest/versions/v1.0/messages/index.html:
    [ ERROR ] external_links - broken reference to https://ably.com: 429
  output/rest/versions/v1.0/presence/index.html:
    [ ERROR ] external_links - broken reference to https://ably.com/documentation/rest/versions/v1.0/presence: 429
    [ ERROR ] external_links - broken reference to https://ably.com: 429
  output/rest/versions/v1.0/statistics/index.html:
    [ ERROR ] external_links - broken reference to http://www.rubydoc.info/gems/ably/Ably/Models/Stats/ResourceCount: link has moved permanently to 'https://www.rubydoc.info/gems/ably/Ably/Models/Stats/ResourceCount'
    [ ERROR ] external_links - broken reference to http://www.rubydoc.info/gems/ably/Ably/Models/Stats/RequestCount: link has moved permanently to 'https://www.rubydoc.info/gems/ably/Ably/Models/Stats/RequestCount'
    [ ERROR ] external_links - broken reference to http://www.rubydoc.info/gems/ably/Ably/Models/Stats/ConnectionTypes: link has moved permanently to 'https://www.rubydoc.info/gems/ably/Ably/Models/Stats/ConnectionTypes'
    [ ERROR ] external_links - broken reference to http://www.rubydoc.info/gems/ably/Ably/Models/Stats/MessageTraffic: link has moved permanently to 'https://www.rubydoc.info/gems/ably/Ably/Models/Stats/MessageTraffic'
    [ ERROR ] external_links - broken reference to https://ably.com/documentation/rest/versions/v1.0/statistics: 429
    [ ERROR ] external_links - broken reference to http://www.rubydoc.info/gems/ably/Ably/Models/Stats/MessageTypes: link has moved permanently to 'https://www.rubydoc.info/gems/ably/Ably/Models/Stats/MessageTypes'
    [ ERROR ] external_links - broken reference to https://ably.com: 429
    [ ERROR ] external_links - broken reference to http://www.rubydoc.info/gems/ably/Ably/Models/Stats: link has moved permanently to 'https://www.rubydoc.info/gems/ably/Ably/Models/Stats'
  output/rest/versions/v1.0/types/index.html:
    [ ERROR ] external_links - broken reference to http://www.rubydoc.info/gems/ably/Ably/Models/Stats/ResourceCount: link has moved permanently to 'https://www.rubydoc.info/gems/ably/Ably/Models/Stats/ResourceCount'
    [ ERROR ] external_links - broken reference to http://www.rubydoc.info/gems/ably/Ably/Models/Stats/RequestCount: link has moved permanently to 'https://www.rubydoc.info/gems/ably/Ably/Models/Stats/RequestCount'
    [ ERROR ] external_links - broken reference to http://www.rubydoc.info/gems/ably/Ably/Models/Stats/ConnectionTypes: link has moved permanently to 'https://www.rubydoc.info/gems/ably/Ably/Models/Stats/ConnectionTypes'
    [ ERROR ] external_links - broken reference to http://www.rubydoc.info/gems/ably/Ably/Models/Stats/MessageTraffic: link has moved permanently to 'https://www.rubydoc.info/gems/ably/Ably/Models/Stats/MessageTraffic'
    [ ERROR ] external_links - broken reference to https://ably.com/download: 429
    [ ERROR ] external_links - broken reference to http://www.rubydoc.info/gems/ably/Ably/Models/Stats/MessageTypes: link has moved permanently to 'https://www.rubydoc.info/gems/ably/Ably/Models/Stats/MessageTypes'
    [ ERROR ] external_links - broken reference to https://ably.com: 429
    [ ERROR ] external_links - broken reference to https://ably.com/documentation/rest/versions/v1.0/types: 429
    [ ERROR ] external_links - broken reference to http://www.rubydoc.info/gems/ably/Ably/Models/Stats: link has moved permanently to 'https://www.rubydoc.info/gems/ably/Ably/Models/Stats'
  output/rest/versions/v1.0/usage/index.html:
    [ ERROR ] external_links - broken reference to https://pypi.python.org/pypi/ably: link has moved permanently to 'https://pypi.org/pypi/ably'
    [ ERROR ] external_links - broken reference to http://www.rubydoc.info/gems/ably/Ably/Models/Stats/ResourceCount: link has moved permanently to 'https://www.rubydoc.info/gems/ably/Ably/Models/Stats/ResourceCount'
    [ ERROR ] external_links - broken reference to http://www.rubydoc.info/gems/ably/Ably/Models/Stats/RequestCount: link has moved permanently to 'https://www.rubydoc.info/gems/ably/Ably/Models/Stats/RequestCount'
    [ ERROR ] external_links - broken reference to http://www.rubydoc.info/gems/ably/Ably/Models/Stats/ConnectionTypes: link has moved permanently to 'https://www.rubydoc.info/gems/ably/Ably/Models/Stats/ConnectionTypes'
    [ ERROR ] external_links - broken reference to http://www.rubydoc.info/gems/ably/Ably/Models/Stats/MessageTraffic: link has moved permanently to 'https://www.rubydoc.info/gems/ably/Ably/Models/Stats/MessageTraffic'
    [ ERROR ] external_links - broken reference to https://npmjs.org/package/ably: link has moved permanently to 'https://www.npmjs.com/package/ably'
    [ ERROR ] external_links - broken reference to https://ably.com/download: 429
    [ ERROR ] external_links - broken reference to https://cocoapods.org/?q=AblyRealtime: 500
    [ ERROR ] external_links - broken reference to http://www.rubydoc.info/gems/ably/Ably/Models/Stats/MessageTypes: link has moved permanently to 'https://www.rubydoc.info/gems/ably/Ably/Models/Stats/MessageTypes'
    [ ERROR ] external_links - broken reference to https://ably.com: 429
    [ ERROR ] external_links - broken reference to http://www.rubydoc.info/gems/ably/Ably/Models/Stats: link has moved permanently to 'https://www.rubydoc.info/gems/ably/Ably/Models/Stats'
  output/rest/versions/v1.1/authentication/index.html:
    [ ERROR ] external_links - broken reference to https://ably.com: 429
    [ ERROR ] external_links - broken reference to http://en.wikipedia.org/wiki/Principle_of_least_privilege: link has moved permanently to 'https://en.wikipedia.org/wiki/Principle_of_least_privilege'
    [ ERROR ] external_links - broken reference to https://ably.com/documentation/core-features/authentication: 429
  output/rest/versions/v1.1/channel-status/index.html:
    [ ERROR ] external_links - broken reference to https://ably.com/documentation/rest/versions/v1.1/channel-status: 429
    [ ERROR ] external_links - broken reference to https://ably.com: 429
  output/rest/versions/v1.1/channels/index.html:
    [ ERROR ] external_links - broken reference to https://ably.com/documentation/rest/versions/v1.1/channels: 429
    [ ERROR ] external_links - broken reference to https://ably.com: 429
  output/rest/versions/v1.1/encryption/index.html:
    [ ERROR ] external_links - broken reference to https://ably.com: 429
    [ ERROR ] external_links - broken reference to https://ably.com/documentation/rest/versions/v1.1/encryption: 429
  output/rest/versions/v1.1/history/index.html:
    [ ERROR ] external_links - broken reference to https://ably.com: 429
  output/rest/versions/v1.1/index.html:
    [ ERROR ] external_links - broken reference to http://ably.com/adapters: link has moved permanently to 'https://ably.com/adapters'
    [ ERROR ] external_links - broken reference to https://ably.com/download: 429
    [ ERROR ] external_links - broken reference to https://ably.com: 429
    [ ERROR ] external_links - broken reference to https://ably.com/documentation/rest/versions/v1.1: 429
  output/rest/versions/v1.1/messages/index.html:
    [ ERROR ] external_links - broken reference to https://ably.com/documentation/rest/versions/v1.1/messages: 429
    [ ERROR ] external_links - broken reference to https://ably.com: 429
    [ ERROR ] external_links - broken reference to https://ably.com/topic/idempotency: 429
  output/rest/versions/v1.1/presence/index.html:
    [ ERROR ] external_links - broken reference to https://ably.com: 429
  output/rest/versions/v1.1/push/index.html:
    [ ERROR ] external_links - broken reference to https://ably.com: 429
  output/rest/versions/v1.1/statistics/index.html:
    [ ERROR ] external_links - broken reference to http://www.rubydoc.info/gems/ably/Ably/Models/Stats/ResourceCount: link has moved permanently to 'https://www.rubydoc.info/gems/ably/Ably/Models/Stats/ResourceCount'
    [ ERROR ] external_links - broken reference to http://www.rubydoc.info/gems/ably/Ably/Models/Stats/RequestCount: link has moved permanently to 'https://www.rubydoc.info/gems/ably/Ably/Models/Stats/RequestCount'
    [ ERROR ] external_links - broken reference to http://www.rubydoc.info/gems/ably/Ably/Models/Stats/ConnectionTypes: link has moved permanently to 'https://www.rubydoc.info/gems/ably/Ably/Models/Stats/ConnectionTypes'
    [ ERROR ] external_links - broken reference to http://www.rubydoc.info/gems/ably/Ably/Models/Stats/MessageTraffic: link has moved permanently to 'https://www.rubydoc.info/gems/ably/Ably/Models/Stats/MessageTraffic'
    [ ERROR ] external_links - broken reference to https://ably.com/documentation/rest/versions/v1.1/statistics: 429
    [ ERROR ] external_links - broken reference to http://www.rubydoc.info/gems/ably/Ably/Models/Stats/MessageTypes: link has moved permanently to 'https://www.rubydoc.info/gems/ably/Ably/Models/Stats/MessageTypes'
    [ ERROR ] external_links - broken reference to https://ably.com: 429
    [ ERROR ] external_links - broken reference to http://www.rubydoc.info/gems/ably/Ably/Models/Stats: link has moved permanently to 'https://www.rubydoc.info/gems/ably/Ably/Models/Stats'
  output/rest/versions/v1.1/types/index.html:
    [ ERROR ] external_links - broken reference to http://www.rubydoc.info/gems/ably/Ably/Models/Stats/ResourceCount: link has moved permanently to 'https://www.rubydoc.info/gems/ably/Ably/Models/Stats/ResourceCount'
    [ ERROR ] external_links - broken reference to http://www.rubydoc.info/gems/ably/Ably/Models/Stats/RequestCount: link has moved permanently to 'https://www.rubydoc.info/gems/ably/Ably/Models/Stats/RequestCount'
    [ ERROR ] external_links - broken reference to http://www.rubydoc.info/gems/ably/Ably/Models/Stats/ConnectionTypes: link has moved permanently to 'https://www.rubydoc.info/gems/ably/Ably/Models/Stats/ConnectionTypes'
    [ ERROR ] external_links - broken reference to http://www.rubydoc.info/gems/ably/Ably/Models/Stats/MessageTraffic: link has moved permanently to 'https://www.rubydoc.info/gems/ably/Ably/Models/Stats/MessageTraffic'
    [ ERROR ] external_links - broken reference to https://ably.com/download: 429
    [ ERROR ] external_links - broken reference to https://ably.com/documentation/rest/versions/v1.1/types: 429
    [ ERROR ] external_links - broken reference to http://www.rubydoc.info/gems/ably/Ably/Models/Stats/MessageTypes: link has moved permanently to 'https://www.rubydoc.info/gems/ably/Ably/Models/Stats/MessageTypes'
    [ ERROR ] external_links - broken reference to https://ably.com: 429
    [ ERROR ] external_links - broken reference to http://www.rubydoc.info/gems/ably/Ably/Models/Stats: link has moved permanently to 'https://www.rubydoc.info/gems/ably/Ably/Models/Stats'
    [ ERROR ] external_links - broken reference to https://ably.com/documentation/core-features/authentication: 429
  output/rest/versions/v1.1/usage/index.html:
    [ ERROR ] external_links - broken reference to https://pypi.python.org/pypi/ably: link has moved permanently to 'https://pypi.org/pypi/ably'
    [ ERROR ] external_links - broken reference to http://www.rubydoc.info/gems/ably/Ably/Models/Stats/ResourceCount: link has moved permanently to 'https://www.rubydoc.info/gems/ably/Ably/Models/Stats/ResourceCount'
    [ ERROR ] external_links - broken reference to https://cocoapods.org/pods/Ably: 500
    [ ERROR ] external_links - broken reference to http://www.rubydoc.info/gems/ably/Ably/Models/Stats/RequestCount: link has moved permanently to 'https://www.rubydoc.info/gems/ably/Ably/Models/Stats/RequestCount'
    [ ERROR ] external_links - broken reference to http://www.rubydoc.info/gems/ably/Ably/Models/Stats/ConnectionTypes: link has moved permanently to 'https://www.rubydoc.info/gems/ably/Ably/Models/Stats/ConnectionTypes'
    [ ERROR ] external_links - broken reference to http://semver.org/: link has moved permanently to 'https://semver.org/'
    [ ERROR ] external_links - broken reference to http://www.rubydoc.info/gems/ably/Ably/Models/Stats/MessageTraffic: link has moved permanently to 'https://www.rubydoc.info/gems/ably/Ably/Models/Stats/MessageTraffic'
    [ ERROR ] external_links - broken reference to https://npmjs.org/package/ably: link has moved permanently to 'https://www.npmjs.com/package/ably'
    [ ERROR ] external_links - broken reference to https://ably.com/download: 429
    [ ERROR ] external_links - broken reference to http://www.rubydoc.info/gems/ably/Ably/Models/Stats/MessageTypes: link has moved permanently to 'https://www.rubydoc.info/gems/ably/Ably/Models/Stats/MessageTypes'
    [ ERROR ] external_links - broken reference to https://ably.com: 429
    [ ERROR ] external_links - broken reference to http://www.rubydoc.info/gems/ably/Ably/Models/Stats: link has moved permanently to 'https://www.rubydoc.info/gems/ably/Ably/Models/Stats'
    [ ERROR ] external_links - broken reference to https://ably.com/documentation/core-features/authentication: 429
  output/sse/index.html:
    [ ERROR ] external_links - broken reference to https://ably.com/download: 429
    [ ERROR ] external_links - broken reference to https://ably.com: 429
    [ ERROR ] external_links - broken reference to https://ably.com/documentation/core-features/authentication: 429
  output/sse/versions/v1.1/index.html:
    [ ERROR ] external_links - broken reference to https://ably.com/download: 429
    [ ERROR ] external_links - broken reference to https://ably.com: 429
    [ ERROR ] external_links - broken reference to https://ably.com/documentation/core-features/authentication: 429
  output/tutorials/_ably-nexmo/index.html:
    [ ERROR ] external_links - broken reference to https://ably.com: 429
  output/tutorials/_live-flight-tracking/index.html:
    [ ERROR ] external_links - broken reference to https://ably.com: 429
  output/tutorials/_live-geo-tracking/index.html:
    [ ERROR ] external_links - broken reference to https://ably.com: 429
  output/tutorials/_multi-lingual-chat/index.html:
    [ ERROR ] external_links - broken reference to https://ably.com: 429
  output/tutorials/_multiplayer-vr-web/index.html:
    [ ERROR ] external_links - broken reference to https://ably.com: 429
  output/tutorials/_nest-realtime-app/index.html:
    [ ERROR ] external_links - broken reference to https://ably.com: 429
  output/tutorials/_realtime-voting-angular/index.html:
    [ ERROR ] external_links - broken reference to https://ably.com: 429
  output/tutorials/android-push-notifications/index.html:
    [ ERROR ] external_links - broken reference to https://developer.android.com/studio/run/device: too many redirects
    [ ERROR ] external_links - broken reference to https://developer.android.com/studio/run/managing-avds: too many redirects
    [ ERROR ] external_links - broken reference to https://ably.com: 429
    [ ERROR ] external_links - broken reference to https://developer.android.com/guide/components/broadcasts: too many redirects
    [ ERROR ] external_links - broken reference to https://developer.android.com/studio: too many redirects
  output/tutorials/channel-enumeration-rest/index.html:
    [ ERROR ] external_links - broken reference to https://ably.com/features: link has moved permanently to 'https://ably.com/platform'
    [ ERROR ] external_links - broken reference to https://ably.com/documentation/rest/usage: 429
    [ ERROR ] external_links - broken reference to https://ably.com/documentation/realtime/channels: 429
    [ ERROR ] external_links - broken reference to https://ably.com: 429
    [ ERROR ] external_links - broken reference to https://ably.com/channels: 429
    [ ERROR ] external_links - broken reference to https://ably.com/documentation/how-ably-works: 429
  output/tutorials/channel-lifecycle-events/index.html:
    [ ERROR ] external_links - broken reference to https://ably.com/features: link has moved permanently to 'https://ably.com/platform'
    [ ERROR ] external_links - broken reference to https://ably.com/documentation/realtime/channels: 429
    [ ERROR ] external_links - broken reference to https://ably.com: 429
    [ ERROR ] external_links - broken reference to https://ably.com/channels: 429
    [ ERROR ] external_links - broken reference to https://ably.com/documentation/how-ably-works: 429
  output/tutorials/channel-occupancy-events/index.html:
    [ ERROR ] external_links - broken reference to https://ably.com/features: link has moved permanently to 'https://ably.com/platform'
    [ ERROR ] external_links - broken reference to https://www.ably.io/dashboard: 429
    [ ERROR ] external_links - broken reference to https://ably.com/documentation/realtime/channels: 429
    [ ERROR ] external_links - broken reference to https://ably.com: 429
    [ ERROR ] external_links - broken reference to https://ably.com/channels: 429
    [ ERROR ] external_links - broken reference to https://ably.com/documentation/how-ably-works: 429
  output/tutorials/channel-rewind/index.html:
    [ ERROR ] external_links - broken reference to https://ably.com/adapters: link has moved permanently to 'https://ably.com/protocols'
    [ ERROR ] external_links - broken reference to https://ably.com/hub/ably-openweathermap/weather: 429
    [ ERROR ] external_links - broken reference to https://ably.com: 429
    [ ERROR ] external_links - broken reference to https://ably.com/hub: 429
  output/tutorials/encryption/index.html:
    [ ERROR ] external_links - broken reference to https://ably.com/features: link has moved permanently to 'https://ably.com/platform'
    [ ERROR ] external_links - broken reference to https://ably.com/documentation/realtime/encryption: 429
    [ ERROR ] external_links - broken reference to https://ably.com: 429
    [ ERROR ] external_links - broken reference to https://ably.com/documentation/rest/encryption: 429
    [ ERROR ] external_links - broken reference to https://ably.com/documentation/how-ably-works: 429
  output/tutorials/history/index.html:
    [ ERROR ] external_links - broken reference to https://developer.apple.com/library/content/referencelibrary/GettingStarted/DevelopiOSAppsSwift/BuildABasicUI.html: link has moved permanently to 'https://developer.apple.com/library/archive/referencelibrary/GettingStarted/DevelopiOSAppsSwift/BuildABasicUI.html'
    [ ERROR ] external_links - broken reference to https://pypi.python.org/pypi/ably: link has moved permanently to 'https://pypi.org/pypi/ably'
    [ ERROR ] external_links - broken reference to https://ably.com/features: link has moved permanently to 'https://ably.com/platform'
    [ ERROR ] external_links - broken reference to https://developer.apple.com/library/content/referencelibrary/GettingStarted/DevelopiOSAppsSwift/ConnectTheUIToCode.html: link has moved permanently to 'https://developer.apple.com/library/archive/referencelibrary/GettingStarted/DevelopiOSAppsSwift/ConnectTheUIToCode.html'
    [ ERROR ] external_links - broken reference to https://developer.apple.com/library/content/referencelibrary/GettingStarted/DevelopiOSAppsSwift/CreateATableView.html: link has moved permanently to 'https://developer.apple.com/library/archive/referencelibrary/GettingStarted/DevelopiOSAppsSwift/CreateATableView.html'
    [ ERROR ] external_links - broken reference to https://ably.com/documentation/realtime/history: 429
    [ ERROR ] external_links - broken reference to https://developer.android.com/training/basics/firstapp/creating-project.html: too many redirects
    [ ERROR ] external_links - broken reference to https://developer.apple.com/library/content/documentation/IDEs/Conceptual/AppStoreDistributionTutorial/Setup/Setup.html: link has moved permanently to 'https://help.apple.com/xcode/mac/current/#/dev60b6fbbc7'
    [ ERROR ] external_links - broken reference to https://ably.com: 429
    [ ERROR ] external_links - broken reference to https://developer.android.com/training/basics/firstapp/running-app.html: too many redirects
    [ ERROR ] external_links - broken reference to https://ably.com/documentation/how-ably-works: 429
  output/tutorials/index.html:
    [ ERROR ] external_links - broken reference to https://ably.com/documentation/tutorials: 429
    [ ERROR ] external_links - broken reference to https://ably.com: 429
  output/tutorials/ios-push-notifications/index.html:
    [ ERROR ] external_links - broken reference to https://ably.com/features: link has moved permanently to 'https://ably.com/platform'
    [ ERROR ] external_links - broken reference to https://ably.com: 429
    [ ERROR ] external_links - broken reference to https://cocoapods.org/: 500
  output/tutorials/jwt-authentication/index.html:
    [ ERROR ] external_links - broken reference to https://ably.com/features: link has moved permanently to 'https://ably.com/platform'
    [ ERROR ] external_links - broken reference to https://ably.com: 429
    [ ERROR ] external_links - broken reference to https://ably.com/documentation/how-ably-works: 429
  output/tutorials/live-bitcoin-pricing/index.html:
    [ ERROR ] external_links - broken reference to https://www.telerik.com/kendo-angular-ui/components/charts/chart/elements/tooltips/: link has moved permanently to 'https://www.telerik.com/kendo-angular-ui/components/charts/elements/tooltips'
    [ ERROR ] external_links - broken reference to https://ably.com: 429
    [ ERROR ] external_links - broken reference to https://ably.com/channels: 429
    [ ERROR ] external_links - broken reference to https://ably.com/hub: 429
    [ ERROR ] external_links - broken reference to https://ably.com/topic/websockets: 429
  output/tutorials/mqtt-snake/index.html:
    [ ERROR ] external_links - broken reference to https://pypi.python.org/pypi/paho-mqtt/1.3.1: link has moved permanently to 'https://pypi.org/pypi/paho-mqtt/1.3.1'
    [ ERROR ] external_links - broken reference to https://ably.com/adapters: link has moved permanently to 'https://ably.com/protocols'
    [ ERROR ] external_links - broken reference to https://ably.com/features: link has moved permanently to 'https://ably.com/platform'
    [ ERROR ] external_links - broken reference to https://ably.com/download: 429
    [ ERROR ] external_links - broken reference to http://mqtt.org/: link has moved permanently to 'https://mqtt.org/'
    [ ERROR ] external_links - broken reference to https://ably.com: 429
    [ ERROR ] external_links - broken reference to http://wickedlysmart.com/hfjsconsole/: link has moved permanently to 'https://wickedlysmart.com/hfjsconsole/'
    [ ERROR ] external_links - broken reference to https://ably.com/documentation/how-ably-works: 429
  output/tutorials/newsfeed-react/index.html:
    [ ERROR ] external_links - broken reference to https://ably.com/features: link has moved permanently to 'https://ably.com/platform'
    [ ERROR ] external_links - broken reference to https://ably.com/documentation/realtime/channels: 429
    [ ERROR ] external_links - broken reference to https://ably.com: 429
    [ ERROR ] external_links - broken reference to https://ably.com/channels: 429
    [ ERROR ] external_links - broken reference to https://ably.com/documentation/realtime/presence: 429
    [ ERROR ] external_links - broken reference to https://ably.com/documentation/how-ably-works: 429
  output/tutorials/peer-to-peer-vue/index.html:
    [ ERROR ] external_links - broken reference to https://ably.com: 429
    [ ERROR ] external_links - broken reference to https://ably.com/channels: 429
  output/tutorials/presence/index.html:
    [ ERROR ] external_links - broken reference to https://ably.com/features: link has moved permanently to 'https://ably.com/platform'
    [ ERROR ] external_links - broken reference to https://ably.com: 429
    [ ERROR ] external_links - broken reference to https://ably.com/documentation/how-ably-works: 429
  output/tutorials/publish-subscribe/index.html:
    [ ERROR ] external_links - broken reference to https://developer.apple.com/library/content/referencelibrary/GettingStarted/DevelopiOSAppsSwift/BuildABasicUI.html: link has moved permanently to 'https://developer.apple.com/library/archive/referencelibrary/GettingStarted/DevelopiOSAppsSwift/BuildABasicUI.html'
    [ ERROR ] external_links - broken reference to https://pypi.python.org/pypi/ably: link has moved permanently to 'https://pypi.org/pypi/ably'
    [ ERROR ] external_links - broken reference to https://ably.com/features: link has moved permanently to 'https://ably.com/platform'
    [ ERROR ] external_links - broken reference to https://developer.apple.com/library/content/referencelibrary/GettingStarted/DevelopiOSAppsSwift/ConnectTheUIToCode.html: link has moved permanently to 'https://developer.apple.com/library/archive/referencelibrary/GettingStarted/DevelopiOSAppsSwift/ConnectTheUIToCode.html'
    [ ERROR ] external_links - broken reference to https://support.ably.com/support/solutions/articles/3000030502: link has moved permanently to 'https://knowledge.ably.com/setting-up-and-managing-api-keys'
    [ ERROR ] external_links - broken reference to http://webpy.org/: link has moved permanently to 'https://webpy.org/'
    [ ERROR ] external_links - broken reference to https://developer.android.com/training/basics/firstapp/creating-project.html: too many redirects
    [ ERROR ] external_links - broken reference to https://developer.apple.com/library/content/documentation/IDEs/Conceptual/AppStoreDistributionTutorial/Setup/Setup.html: link has moved permanently to 'https://help.apple.com/xcode/mac/current/#/dev60b6fbbc7'
    [ ERROR ] external_links - broken reference to https://ably.com: 429
    [ ERROR ] external_links - broken reference to https://developer.android.com/training/basics/firstapp/running-app.html: too many redirects
    [ ERROR ] external_links - broken reference to https://ably.com/documentation/how-ably-works: 429
  output/tutorials/pubnub-adapter/index.html:
    [ ERROR ] external_links - broken reference to https://pubnub.com/docs: link has moved permanently to 'https://www.pubnub.com/docs'
    [ ERROR ] external_links - broken reference to https://ably.com: 429
    [ ERROR ] external_links - broken reference to https://ably.com/documentation/core-features/authentication: 429
  output/tutorials/pusher-adapter/index.html:
    [ ERROR ] external_links - broken reference to https://ably.com/documentation/realtime/history: 429
    [ ERROR ] external_links - broken reference to https://ably.com: 429
    [ ERROR ] external_links - broken reference to https://pusher.com/docs/libraries: link has moved permanently to 'https://pusher.com/docs/channels/channels_libraries/libraries'
    [ ERROR ] external_links - broken reference to https://ably.com/documentation/core-features/authentication: 429
  output/tutorials/queue-amqp-neutrino-profanity/index.html:
    [ ERROR ] external_links - broken reference to https://blog.ably.io/message-queues-the-right-way-to-process-and-work-with-realtime-data-on-your-servers-2d15985301f8: link has moved permanently to 'https://ably.com/blog/message-queues-the-right-way'
    [ ERROR ] external_links - broken reference to https://ably.com/reactor: link has moved permanently to 'https://ably.com/integrations'
    [ ERROR ] external_links - broken reference to https://ably.com/features: link has moved permanently to 'https://ably.com/platform'
    [ ERROR ] external_links - broken reference to https://ably.com/download: 429
    [ ERROR ] external_links - broken reference to https://ably.com: 429
    [ ERROR ] external_links - broken reference to https://ably.com/documentation/how-ably-works: 429
  output/tutorials/queue-amqp-wolfram-alpha/index.html:
    [ ERROR ] external_links - broken reference to https://blog.ably.io/message-queues-the-right-way-to-process-and-work-with-realtime-data-on-your-servers-2d15985301f8: link has moved permanently to 'https://ably.com/blog/message-queues-the-right-way'
    [ ERROR ] external_links - broken reference to https://ably.com/reactor: link has moved permanently to 'https://ably.com/integrations'
    [ ERROR ] external_links - broken reference to https://developer.wolframalpha.com/portal/signin.html: too many redirects
    [ ERROR ] external_links - broken reference to https://ably.com/features: link has moved permanently to 'https://ably.com/platform'
    [ ERROR ] external_links - broken reference to https://ably.com/download: 429
    [ ERROR ] external_links - broken reference to https://ably.com: 429
    [ ERROR ] external_links - broken reference to https://ably.com/documentation/how-ably-works: 429
  output/tutorials/queue-stomp-neutrino-profanity/index.html:
    [ ERROR ] external_links - broken reference to https://blog.ably.io/message-queues-the-right-way-to-process-and-work-with-realtime-data-on-your-servers-2d15985301f8: link has moved permanently to 'https://ably.com/blog/message-queues-the-right-way'
    [ ERROR ] external_links - broken reference to https://ably.com/reactor: link has moved permanently to 'https://ably.com/integrations'
    [ ERROR ] external_links - broken reference to https://ably.com/features: link has moved permanently to 'https://ably.com/platform'
    [ ERROR ] external_links - broken reference to https://ably.com/download: 429
    [ ERROR ] external_links - broken reference to https://ably.com: 429
    [ ERROR ] external_links - broken reference to https://ably.com/documentation/how-ably-works: 429
  output/tutorials/react-native-presence-publish-subscribe/index.html:
    [ ERROR ] external_links - broken reference to https://facebook.github.io/react-native/: link has moved permanently to 'http://reactnative.dev/'
    [ ERROR ] external_links - broken reference to https://ably.com: 429
  output/tutorials/reactjs-realtime-commenting/index.html:
    [ ERROR ] external_links - broken reference to https://ably.com/features: link has moved permanently to 'https://ably.com/platform'
    [ ERROR ] external_links - broken reference to https://ably.com: 429
    [ ERROR ] external_links - broken reference to https://ably.com/documentation/how-ably-works: 429
    [ ERROR ] external_links - broken reference to https://ably.com/documentation/core-features/authentication: 429
  output/tutorials/reactor-event-aws/index.html:
    [ ERROR ] external_links - broken reference to http://docs.aws.amazon.com/lex/latest/dg/what-is.html: link has moved permanently to 'https://docs.aws.amazon.com/lex/latest/dg/what-is.html'
    [ ERROR ] external_links - broken reference to https://aws.amazon.com/documentation/lex/: link has moved permanently to 'https://docs.aws.amazon.com/lex/index.html'
    [ ERROR ] external_links - broken reference to https://ably.com/pricing/self-service: link has moved permanently to 'https://ably.com/pricing/calculator'
    [ ERROR ] external_links - broken reference to https://aws.amazon.com/documentation/iam/: link has moved permanently to 'https://docs.aws.amazon.com/iam/index.html'
    [ ERROR ] external_links - broken reference to https://ably.com/reactor: link has moved permanently to 'https://ably.com/integrations'
    [ ERROR ] external_links - broken reference to https://ably.com/features: link has moved permanently to 'https://ably.com/platform'
    [ ERROR ] external_links - broken reference to https://ably.com/download: 429
    [ ERROR ] external_links - broken reference to https://ably.com/documentation/general/events: 429
    [ ERROR ] external_links - broken reference to https://ably.com: 429
    [ ERROR ] external_links - broken reference to https://docs.aws.amazon.com/cli/latest/userguide/installing.html: link has moved permanently to 'https://docs.aws.amazon.com/cli/latest/userguide/cli-chap-install.html'
    [ ERROR ] external_links - broken reference to https://ably.com/documentation/how-ably-works: 429
    [ ERROR ] external_links - broken reference to https://ably.com/documentation/core-features/authentication: 429
  output/tutorials/reactor-event-azure/index.html:
    [ ERROR ] external_links - broken reference to https://ably.com/pricing/self-service: link has moved permanently to 'https://ably.com/pricing/calculator'
    [ ERROR ] external_links - broken reference to https://ably.com/reactor: link has moved permanently to 'https://ably.com/integrations'
    [ ERROR ] external_links - broken reference to https://ably.com/features: link has moved permanently to 'https://ably.com/platform'
    [ ERROR ] external_links - broken reference to https://ably.com/download: 429
    [ ERROR ] external_links - broken reference to https://ably.com/documentation/general/events: 429
    [ ERROR ] external_links - broken reference to https://ably.com: 429
    [ ERROR ] external_links - broken reference to https://azure.microsoft.com/en-gb/services/bot-service/: link has moved permanently to 'https://azure.microsoft.com/en-gb/services/bot-services/'
    [ ERROR ] external_links - broken reference to https://ably.com/documentation/general/queues: 429
    [ ERROR ] external_links - broken reference to https://ably.com/documentation/how-ably-works: 429
    [ ERROR ] external_links - broken reference to https://ably.com/documentation/core-features/authentication: 429
  output/tutorials/reactor-event-cloudflare/index.html:
    [ ERROR ] external_links - broken reference to https://ably.com/reactor: link has moved permanently to 'https://ably.com/integrations'
    [ ERROR ] external_links - broken reference to https://ably.com/features: link has moved permanently to 'https://ably.com/platform'
    [ ERROR ] external_links - broken reference to https://ably.com: 429
  output/tutorials/reactor-event-google/index.html:
    [ ERROR ] external_links - broken reference to https://ably.com/pricing/self-service: link has moved permanently to 'https://ably.com/pricing/calculator'
    [ ERROR ] external_links - broken reference to https://ably.com/reactor: link has moved permanently to 'https://ably.com/integrations'
    [ ERROR ] external_links - broken reference to https://dialogflow.com/: link has moved permanently to 'https://cloud.google.com/dialogflow/docs/'
    [ ERROR ] external_links - broken reference to https://ably.com/features: link has moved permanently to 'https://ably.com/platform'
    [ ERROR ] external_links - broken reference to https://ably.com/download: 429
    [ ERROR ] external_links - broken reference to https://ably.com/documentation/general/events: 429
    [ ERROR ] external_links - broken reference to https://ably.com: 429
    [ ERROR ] external_links - broken reference to https://ably.com/documentation/general/queues: 429
    [ ERROR ] external_links - broken reference to https://ably.com/documentation/how-ably-works: 429
    [ ERROR ] external_links - broken reference to https://ably.com/documentation/core-features/authentication: 429
  output/tutorials/reactor-event-ifttt/index.html:
    [ ERROR ] external_links - broken reference to https://ably.com/reactor: link has moved permanently to 'https://ably.com/integrations'
    [ ERROR ] external_links - broken reference to https://ably.com/features: link has moved permanently to 'https://ably.com/platform'
    [ ERROR ] external_links - broken reference to https://ably.com/: 429
    [ ERROR ] external_links - broken reference to https://ably.com: 429
  output/tutorials/reactor-event-zapier/index.html:
    [ ERROR ] external_links - broken reference to https://ably.com/reactor: link has moved permanently to 'https://ably.com/integrations'
    [ ERROR ] external_links - broken reference to https://ably.com/features: link has moved permanently to 'https://ably.com/platform'
    [ ERROR ] external_links - broken reference to https://www.arduino.cc/en/main/software: link has moved permanently to 'https://www.arduino.cc/en/software'
    [ ERROR ] external_links - broken reference to https://ably.com: 429
  output/tutorials/realtime-cryptocurrency-app-flutter/index.html:
    [ ERROR ] external_links - broken reference to https://ably.com/hub/: 429
    [ ERROR ] external_links - broken reference to https://ably.com/documentation/realtime/channels/: 429
    [ ERROR ] external_links - broken reference to https://ably.com: 429
    [ ERROR ] external_links - broken reference to https://ably.com/hub: 429
  output/tutorials/sse-and-http-streaming/index.html:
    [ ERROR ] external_links - broken reference to https://ably-sse-tutorial-demo.glitch.me/: 404
    [ ERROR ] external_links - broken reference to https://ably.com/documentation/mqtt: 429
    [ ERROR ] external_links - broken reference to https://ably.com: 429
  output/tutorials/tfl-live-tracking-fitbit/index.html:
    [ ERROR ] external_links - broken reference to https://ably.com/features: link has moved permanently to 'https://ably.com/platform'
    [ ERROR ] external_links - broken reference to https://ably.com/documentation/realtime/channels: 429
    [ ERROR ] external_links - broken reference to https://ably.com: 429
    [ ERROR ] external_links - broken reference to https://ably.com/channels: 429
    [ ERROR ] external_links - broken reference to https://ably.com/hub: 429
    [ ERROR ] external_links - broken reference to https://ably.com/documentation/how-ably-works: 429
  output/tutorials/token-authentication/index.html:
    [ ERROR ] external_links - broken reference to https://developer.apple.com/library/content/referencelibrary/GettingStarted/DevelopiOSAppsSwift/BuildABasicUI.html: link has moved permanently to 'https://developer.apple.com/library/archive/referencelibrary/GettingStarted/DevelopiOSAppsSwift/BuildABasicUI.html'
    [ ERROR ] external_links - broken reference to https://pypi.python.org/pypi/ably: link has moved permanently to 'https://pypi.org/pypi/ably'
    [ ERROR ] external_links - broken reference to https://developer.apple.com/library/content/featuredarticles/ViewControllerPGforiPhoneOS/UsingSegues.html: link has moved permanently to 'https://developer.apple.com/library/archive/featuredarticles/ViewControllerPGforiPhoneOS/UsingSegues.html'
    [ ERROR ] external_links - broken reference to http://www.sinatrarb.com/: link has moved permanently to 'http://sinatrarb.com/'
    [ ERROR ] external_links - broken reference to https://ably.com/features: link has moved permanently to 'https://ably.com/platform'
    [ ERROR ] external_links - broken reference to https://developer.apple.com/library/content/referencelibrary/GettingStarted/DevelopiOSAppsSwift/ConnectTheUIToCode.html: link has moved permanently to 'https://developer.apple.com/library/archive/referencelibrary/GettingStarted/DevelopiOSAppsSwift/ConnectTheUIToCode.html'
    [ ERROR ] external_links - broken reference to http://webpy.org/: link has moved permanently to 'https://webpy.org/'
    [ ERROR ] external_links - broken reference to https://developer.android.com/training/basics/firstapp/creating-project.html: too many redirects
    [ ERROR ] external_links - broken reference to https://developer.apple.com/library/content/documentation/IDEs/Conceptual/AppStoreDistributionTutorial/Setup/Setup.html: link has moved permanently to 'https://help.apple.com/xcode/mac/current/#/dev60b6fbbc7'
    [ ERROR ] external_links - broken reference to https://ably.com: 429
    [ ERROR ] external_links - broken reference to https://developer.android.com/training/basics/firstapp/running-app.html: too many redirects
    [ ERROR ] external_links - broken reference to https://ably.com/documentation/how-ably-works: 429
  output/tutorials/vue-tictactoe/index.html:
    [ ERROR ] external_links - broken reference to https://docs.npmjs.com/cli/install: link has moved permanently to 'https://docs.npmjs.com/cli/install/'
    [ ERROR ] external_links - broken reference to https://ably.com/features: link has moved permanently to 'https://ably.com/platform'
    [ ERROR ] external_links - broken reference to https://ably.com: 429
    [ ERROR ] external_links - broken reference to https://docs.npmjs.com/files/package.json: link has moved permanently to 'https://docs.npmjs.com/files/package.json/'
    [ ERROR ] external_links - broken reference to https://ably.com/documentation/realtime/presence: 429
    [ ERROR ] external_links - broken reference to https://ably.com/documentation/how-ably-works: 429
  output/tutorials/web-rtc-data-channels/index.html:
    [ ERROR ] external_links - broken reference to https://ably.com: 429
    [ ERROR ] external_links - broken reference to https://ably.com/documentation/realtime/presence: 429
  output/tutorials/web-rtc-file-transfer/index.html:
    [ ERROR ] external_links - broken reference to https://ably.com: 429
    [ ERROR ] external_links - broken reference to https://ably.com/documentation/realtime/presence: 429
  output/tutorials/web-rtc-introduction/index.html:
    [ ERROR ] external_links - broken reference to https://ably.com/: 429
    [ ERROR ] external_links - broken reference to https://ably.com: 429
  output/tutorials/web-rtc-screen-sharing/index.html:
    [ ERROR ] external_links - broken reference to https://chrome.google.com/webstore/detail/skylink-WebRTC-tools/ljckddiekopnnjoeaiofddfhgnbdoafc: 404
    [ ERROR ] external_links - broken reference to https://ably.com: 429
    [ ERROR ] external_links - broken reference to https://ably.com/documentation/realtime/presence: 429
  output/tutorials/web-rtc-video-calling/index.html:
    [ ERROR ] external_links - broken reference to https://ably.com: 429
  output/tutorials/webhook-chuck-norris/index.html:
    [ ERROR ] external_links - broken reference to http://guides.rubyonrails.org/getting_started.html: link has moved permanently to 'https://guides.rubyonrails.org/getting_started.html'
    [ ERROR ] external_links - broken reference to https://ably.com/reactor: link has moved permanently to 'https://ably.com/integrations'
    [ ERROR ] external_links - broken reference to https://ably.com/features: link has moved permanently to 'https://ably.com/platform'
    [ ERROR ] external_links - broken reference to https://ably.com: 429
    [ ERROR ] external_links - broken reference to https://ably.com/documentation/how-ably-works: 429
