// Jest Snapshot v1, https://goo.gl/fbAQLP

exports[`Integration: ConditionalChildrenLanguageDisplay only displays one <dt><dd> pair of children from alternatives for parsed definition lists ConditionalChildrenLanguageDisplay displays the expected results from HTML data 1`] = `
<dl
  className="sc-ftvSup iQGiRo"
>
  
	
  <div
    lang="javascript"
  >
    <dt
      className="sc-papXJ hpWLrx"
    >
      <div>
        callback
      </div>
    </dt>
    <dd
      className="sc-iBkjds wnZIs"
    >
      is a function of the form 
      <code
        className="font-mono p-2 text-code text-charcoal-grey font-thin bg-light-grey border border-mid-grey rounded-md"
      >
        function(err)
      </code>
       which is called upon completion
    </dd>
  </div>
  
	
  
	
  
	
  
	
  
	
  
	
  
	
  
	
  
	
  

</dl>
`;
