// Jest Snapshot v1, https://goo.gl/fbAQLP

exports[`Integration: ConditionalChildrenLanguageDisplay only displays one <dt><dd> pair of children from alternatives for parsed definition lists ConditionalChildrenLanguageDisplay displays the expected results from HTML data 1`] = `
<dl
  className="sc-hKMtZM cKrFzl"
>
  
	
  <div
    lang="nodejs"
  >
    <dt
      className="sc-eCYdqJ iOdLRl"
    >
      <div>
        callback
      </div>
    </dt>
    <dd>
      is a function of the form 
      <code
        className="font-mono font-semibold text-code p-4"
      >
        function(err)
      </code>
       which is called upon completion
    </dd>
  </div>
  
	
  

</dl>
`;
