// Jest Snapshot v1, https://goo.gl/fbAQLP

exports[`LocalLanguageAlternatives displays statically as expected Snapshot of LocalLanguageAlternatives is the same 1`] = `
Array [
  <menu
    className="base menu"
  >
    <li
      className="relative whitespace-nowrap break-all list-none pb-0 leading-loose text-white font-next-book mr-auto mr-auto"
    >
      SELECT
    </li>
    <li
      className="relative whitespace-nowrap break-all list-none pb-0 leading-loose text-white font-next-book"
    >
      <button
        className="button isSelected"
        language=""
        onClick={[Function]}
        value="javascript"
      >
        JS
      </button>
    </li>
    <li
      className="relative whitespace-nowrap break-all list-none pb-0 leading-loose text-white font-next-book"
    >
      <button
        className="button"
        language=""
        onClick={[Function]}
        value="ruby"
      >
        Ruby
      </button>
    </li>
    <li
      className="relative whitespace-nowrap break-all list-none pb-0 leading-loose text-white font-next-book"
    >
      <button
        className="button"
        language=""
        onClick={[Function]}
        value="csharp"
      >
        C#
      </button>
    </li>
  </menu>,
  "This is default content.",
]
`;
