// Jest Snapshot v1, https://goo.gl/fbAQLP

exports[`LocalLanguageAlternatives displays statically as expected Snapshot of LocalLanguageAlternatives is the same 1`] = `
Array [
  <menu
    className="flex overflow-visible m-0 rounded-t border-b border-charcoal-grey relative p-0"
    role="menu"
  >
    <button
      className="button isSelected"
      language=""
      onClick={[Function]}
      value="javascript"
    >
      JS
    </button>
    <button
      className="button"
      language=""
      onClick={[Function]}
      value="ruby"
    >
      Ruby
    </button>
    <button
      className="button"
      language=""
      onClick={[Function]}
      value="csharp"
    >
      C#
    </button>
  </menu>,
  "This is default content.",
]
`;
