// Jest Snapshot v1, https://goo.gl/fbAQLP

exports[`LocalLanguageAlternatives displays statically as expected Snapshot of LocalLanguageAlternatives is the same 1`] = `
Array [
  <menu
    className="docs-horizontal-menu"
  >
    <li
      className="docs-menu-item docs-menu-item-label"
    >
      SELECT
    </li>
    <li
      className="docs-menu-item"
    >
      <button
        className="docs-menu-item-button-selected"
        onClick={[Function]}
        value="javascript"
      >
        JS
      </button>
    </li>
    <li
      className="docs-menu-item"
    >
      <button
        className="docs-menu-item-button"
        onClick={[Function]}
        value="ruby"
      >
        Ruby
      </button>
    </li>
    <li
      className="docs-menu-item"
    >
      <button
        className="docs-menu-item-button"
        onClick={[Function]}
        value="csharp"
      >
        C#
      </button>
    </li>
  </menu>,
  "This is default content.",
]
`;
