// Jest Snapshot v1, https://goo.gl/fbAQLP

exports[`Different langs provided to Code elements results in different rendering Successfully renders Code elements with language 1`] = `
<div
  className="p-32 overflow-auto relative"
  lang="javascript"
  language="JS"
>
  <div
    className="docs-language-label"
  >
    JS
  </div>
  <pre
    className="ui-text-code"
    style={
      Object {
        "background": "inherit",
        "fontSize": "var(--fs-code)",
        "lineHeight": "var(--lh-loose)",
      }
    }
  >
    <code
      className="language-javascript"
      style={
        Object {
          "whiteSpace": "pre",
        }
      }
    >
      <span
        className="hljs-keyword"
        style={Object {}}
      >
        var
      </span>
      <span
        style={Object {}}
      >
         useVars = 
      </span>
      <span
        className="hljs-literal"
        style={Object {}}
      >
        false
      </span>
      <span
        style={Object {}}
      >
        ;
      </span>
    </code>
  </pre>
  <button
    className="docs-menu-item-button bottom-4 right-4 absolute"
    onClick={[Function]}
    style={
      Object {
        "backgroundColor": "inherit",
        "fontFamily": "NEXT Book,Arial,Helvetica,sans-serif",
        "transition": "background-color 1000ms linear",
      }
    }
    tabIndex={0}
  >
    Copy ⎘
  </button>
</div>
`;

exports[`Different langs provided to Code elements results in different rendering Successfully renders Code elements without language 1`] = `
<code
  className="font-mono font-semibold text-code p-4"
  lang={null}
>
  This is pseudocode, honest
</code>
`;
