// Jest Snapshot v1, https://goo.gl/fbAQLP

exports[`Different langs provided to Code elements results in different rendering Successfully renders Code elements with language 1`] = `
<div
  className="sc-ftvSup gtsvkD"
  lang="javascript"
>
  <pre
    style={
      Object {
        "background": "white",
        "color": "#333333",
        "display": "block",
        "overflowX": "auto",
        "padding": "0.5em",
      }
    }
  >
    <code
      className="language-javascript"
      style={
        Object {
          "whiteSpace": "pre",
        }
      }
    >
      <span
        style={
          Object {
            "color": "#d73a49",
          }
        }
      >
        var
      </span>
      <span
        style={Object {}}
      >
         useVars = 
      </span>
      <span
        style={
          Object {
            "color": "#0086b3",
          }
        }
      >
        false
      </span>
      <span
        style={Object {}}
      >
        ;
      </span>
    </code>
  </pre>
</div>
`;

exports[`Different langs provided to Code elements results in different rendering Successfully renders Code elements without language 1`] = `
<code
  className="sc-papXJ jveOHD"
  lang={null}
>
  This is pseudocode, honest
</code>
`;
