// Jest Snapshot v1, https://goo.gl/fbAQLP

exports[`Different langs provided to Code elements results in different rendering Successfully renders Code elements with language 1`] = `
<div
  className="sc-papXJ WaMJo"
  lang="javascript"
>
  <pre
    style={
      Object {
        "background": "white",
        "backgroundColor": "#f8f8f8",
        "borderLeft": "10px solid #ebebeb",
        "borderRadius": "4px",
        "color": "#333333",
        "display": "block",
        "margin": 0,
        "overflowX": "auto",
        "padding": "20px",
      }
    }
  >
    <code
      className="language-javascript"
      style={
        Object {
          "whiteSpace": "pre",
        }
      }
    >
      <span
        style={
          Object {
            "color": "#d73a49",
          }
        }
      >
        var
      </span>
      <span
        style={Object {}}
      >
         useVars = 
      </span>
      <span
        style={
          Object {
            "color": "#0086b3",
          }
        }
      >
        false
      </span>
      <span
        style={Object {}}
      >
        ;
      </span>
    </code>
  </pre>
</div>
`;

exports[`Different langs provided to Code elements results in different rendering Successfully renders Code elements without language 1`] = `
<code
  className="sc-jqUVSM hqfAPq"
  lang={null}
>
  This is pseudocode, honest
</code>
`;
