// Jest Snapshot v1, https://goo.gl/fbAQLP

exports[`Different langs provided to Code elements results in different rendering Successfully renders Code elements with language 1`] = `
<pre
  className="docs-pre-container"
>
  <menu
    className="docs-horizontal-menu bg-cool-black"
  >
    <li
      className="docs-menu-item docs-menu-item-label"
    >
      SELECT
    </li>
    <li
      className="docs-menu-item"
    >
      <button
        className="docs-menu-item-button-selected"
        language=""
        onClick={[Function]}
        value="javascript"
      >
        JS
      </button>
    </li>
    <li
      className="docs-menu-item"
    >
      <button
        className="docs-menu-item-button"
        language=""
        onClick={[Function]}
        value="csharp"
      >
        C#
      </button>
    </li>
  </menu>
  var useVars = false;
</pre>
`;
