// Jest Snapshot v1, https://goo.gl/fbAQLP

exports[`Different langs provided to Code elements results in different rendering Successfully renders Code elements with language 1`] = `
<pre
  className="docs-pre-container"
>
  <menu
    className="base menu"
  >
    <li
      className="relative whitespace-nowrap break-all list-none pb-0 leading-loose text-white font-next-book mr-auto mr-auto"
    >
      SELECT
    </li>
    <li
      className="relative whitespace-nowrap break-all list-none pb-0 leading-loose text-white font-next-book"
    >
      <button
        className="button isSelected"
        language=""
        onClick={[Function]}
        value="javascript"
      >
        JS
      </button>
    </li>
    <li
      className="relative whitespace-nowrap break-all list-none pb-0 leading-loose text-white font-next-book"
    >
      <button
        className="button"
        language=""
        onClick={[Function]}
        value="csharp"
      >
        C#
      </button>
    </li>
  </menu>
  var useVars = false;
</pre>
`;
