// Jest Snapshot v1, https://goo.gl/fbAQLP

exports[`<Pre /> should render code block when no languages are passed 1`] = `
<div
  class="my-32"
>
  <pre
    class="bg-cool-black text-white p-0 rounded-lg relative"
  >
    useVars = false;
  </pre>
</div>
`;

exports[`<Pre /> should successfully render Code elements with language 1`] = `
<div
  class="my-32"
>
  <pre
    class="bg-cool-black text-white p-0 rounded-lg relative"
  >
    <menu
      class="flex overflow-visible m-0 border-b border-charcoal-grey relative p-0 justify-end md:justify-start"
      role="menu"
    >
      <button
        class="button"
      >
        JS
      </button>
      <button
        class="button"
      >
        C#
      </button>
      <div
        class="dropdownContainer flex justify-end md:hidden py-12 pl-16 pr-40"
      >
        <div
          class=" css-fyq6mk-container"
        >
          <span
            class="css-1f43avz-a11yText-A11yText"
            id="react-select-2-live-region"
          />
          <span
            aria-atomic="false"
            aria-live="polite"
            aria-relevant="additions text"
            class="css-1f43avz-a11yText-A11yText"
          />
          <div
            class="ably-select__control css-kumdtp-control"
          >
            <div
              class="ably-select__value-container ably-select__value-container--has-value css-319lph-ValueContainer"
            >
              <div
                class="ably-select__single-value css-guqb40-singleValue"
              >
                JS
              </div>
              <input
                aria-autocomplete="list"
                aria-expanded="false"
                aria-haspopup="true"
                aria-readonly="true"
                class="css-mohuvp-dummyInput-DummyInput"
                id="react-select-2-input"
                inputmode="none"
                role="combobox"
                tabindex="0"
                value=""
              />
            </div>
            <div
              class="ably-select__indicators css-1hb7zxy-IndicatorsContainer"
            >
              <span
                class="ably-select__indicator-separator css-1xjgjl1-IndicatorSeparator"
              />
              <div
                aria-hidden="true"
                class="ably-select__indicator ably-select__dropdown-indicator css-1324rh2-indicatorContainer"
              >
                <svg
                  aria-hidden="true"
                  class="css-tj5bde-Svg"
                  focusable="false"
                  height="20"
                  viewBox="0 0 20 20"
                  width="20"
                >
                  <path
                    d="M4.516 7.548c0.436-0.446 1.043-0.481 1.576 0l3.908 3.747 3.908-3.747c0.533-0.481 1.141-0.446 1.574 0 0.436 0.445 0.408 1.197 0 1.615-0.406 0.418-4.695 4.502-4.695 4.502-0.217 0.223-0.502 0.335-0.787 0.335s-0.57-0.112-0.789-0.335c0 0-4.287-4.084-4.695-4.502s-0.436-1.17 0-1.615z"
                  />
                </svg>
              </div>
            </div>
          </div>
        </div>
      </div>
    </menu>
    useVars = false;
  </pre>
</div>
`;
