// Jest Snapshot v1, https://jestjs.io/docs/snapshot-testing

exports[`MDX to Markdown Transpilation Full transformation with fixture should transform comprehensive fixture correctly 1`] = `
"# Test Fixture

This is a test introduction




## Basic heading

## Heading with anchor 

### Nested heading 



Regular content here.

## Links and images

- [Internal link](http://localhost:3000/docs/channels)
- [External link](https://example.com)
- [Hash link](#test-anchor)
- ![Relative image](https://raw.githubusercontent.com/ably/docs/main/src/images/content/diagrams/test.png)
- ![Absolute image](https://raw.githubusercontent.com/ably/docs/main/src/images/content/test.png)
- ![Direct image](https://raw.githubusercontent.com/ably/docs/main/src/images/content/test.png)

## Template variables

Use your-api-key and your-channel-name in your code.

## Code blocks

<Code>

### Javascript

\`\`\`
const channel = realtime.channels.get('your-channel-name');
\`\`\`
</Code>

Here's a code block with anchors and scripts that should be preserved:
\`\`\`html
<a id="preserve-this"/>
<script>console.log('preserve this too')</script>
{/* preserve JSX comments in code */}
\`\`\`

## JSX Components

<Aside data-type='note'>
This component should be preserved as-is.
</Aside>"
`;
