// Jest Snapshot v1, https://goo.gl/fbAQLP

exports[`<Html /> renders correct Dl based on PageLanguageContext value 1`] = `
<div>
  
	
  <dt
    class="listDt"
  >
    name
  </dt>
  
	
  <dd
    class=""
  >
    event name for the published message
    <span
      lang="default"
    >
      <em>
        Type: 
        <code
          class="ui-text-code-inline"
        >
          String
        </code>
      </em>
    </span>
  </dd>
  
	
  
	
  
	
  
	
  
	
  
	
  

</div>
`;
