// Jest Snapshot v1, https://goo.gl/fbAQLP

exports[`<Html /> renders correct Dl based on PageLanguageContext value 1`] = `
<div>
  
	
  <dt
    class="sc-jXbUNg dTJzXn"
  >
    name
  </dt>
  
	
  <dd
    class="sc-kAyceB hbEzdj"
  >
    event name for the published message
    <span
      lang="default"
    >
      <em>
        Type: 
        <code
          class="font-mono p-2 text-code text-charcoal-grey font-thin bg-light-grey border border-mid-grey rounded-md"
        >
          String
        </code>
      </em>
    </span>
  </dd>
  
	
  
	
  
	
  
	
  
	
  
	
  

</div>
`;
