// Jest Snapshot v1, https://goo.gl/fbAQLP

exports[`Integration: ConditionalChildrenLanguageDisplay only displays one <dt><dd> pair of children from alternatives for parsed definition lists ConditionalChildrenLanguageDisplay displays the expected results from HTML data 1`] = `
<dl>
  
	
  <div
    lang="nodejs"
  >
    <dt>
      <div>
        callback
      </div>
    </dt>
    <dd>
      is a function of the form 
      <code
        className="sc-jrQzAO kSxfLf"
      >
        function(err)
      </code>
       which is called upon completion
    </dd>
  </div>
  
	
  

</dl>
`;
