// Jest Snapshot v1, https://goo.gl/fbAQLP

exports[`LocalLanguageAlternatives displays statically as expected Snapshot of LocalLanguageAlternatives is the same 1`] = `
Array [
  <menu
    className="sc-crHmcD sc-egiyK sc-bqiRlB ikxONr dMzaTA jZxzrU"
  >
    <li
      className="c-menu__item c-menu__label"
    >
      Select:
    </li>
    <li
      className="c-menu__item"
    >
      <button
        className="sc-bdvvtL sc-gsDKAQ sc-dkPtRN kNKKjb UQpwH fOuwZR"
        onClick={[Function]}
        value="javascript"
      >
        JS
      </button>
    </li>
    <li
      className="c-menu__item"
    >
      <button
        className="sc-bdvvtL sc-gsDKAQ kNKKjb UQpwH"
        onClick={[Function]}
        value="ruby"
      >
        Ruby
      </button>
    </li>
    <li
      className="c-menu__item"
    >
      <button
        className="sc-bdvvtL sc-gsDKAQ kNKKjb UQpwH"
        onClick={[Function]}
        value="csharp"
      >
        C#
      </button>
    </li>
  </menu>,
  "This is default content.",
]
`;
