// Jest Snapshot v1, https://goo.gl/fbAQLP

exports[`Different langs provided to Code elements results in different rendering Successfully renders Code elements with language 1`] = `
<pre
  className="mt-32 mb-0"
>
  <menu
    className="sc-egiyK sc-bqiRlB sc-ksdxgE iXgqax fejsjT jHWssQ"
  >
    <li
      className="c-menu__item c-menu__label"
    >
      No JS example exists, select:
    </li>
    <li
      className="c-menu__item"
    >
      <button
        className="sc-kDTinF sc-iqseJM sc-crHmcD bIVlGb fNSJkt gEXRWt"
        onClick={[Function]}
        value="javascript"
      >
        JS
      </button>
    </li>
    <li
      className="c-menu__item"
    >
      <button
        className="sc-kDTinF sc-iqseJM bIVlGb fNSJkt"
        onClick={[Function]}
        value="csharp"
      >
        C#
      </button>
    </li>
  </menu>
  var useVars = false;
</pre>
`;
